2026-10-01 23:59:59.001000 - INFO  - [预期差诊断汇总] 报价口径，不含费用/滑点/成交限制；不是策略收益。

2026-10-01 23:59:59.001000 - INFO  - neutral 20日 all interaction | 有效=6/130 均值=+0.00391 t_HAC=NA

2026-10-01 23:59:59.001000 - INFO  - neutral 20日 all regression_interaction | 有效=130/130 均值=+0.00131 t_HAC=+0.47405

2026-10-01 23:59:59.001000 - INFO  - neutral 20日 all value_ic | 有效=130/130 均值=+0.05049 t_HAC=+6.88589

2026-10-01 23:59:59.001000 - INFO  - neutral 20日 all improvement_ic | 有效=130/130 均值=+0.00964 t_HAC=+1.34158

2026-10-01 23:59:59.001000 - INFO  - neutral 20日 all additive_ic | 有效=130/130 均值=+0.04303 t_HAC=+5.35771

2026-10-01 23:59:59.001000 - INFO  - neutral 20日 all product_ic | 有效=130/130 均值=+0.00189 t_HAC=+0.48354

2026-10-01 23:59:59.001000 - INFO  - neutral 20日 2016 interaction | 有效=0/13 均值=NA t_HAC=NA

2026-10-01 23:59:59.001000 - INFO  - neutral 20日 2016 regression_interaction | 有效=13/13 均值=-0.00462 t_HAC=-0.45321

2026-10-01 23:59:59.001000 - INFO  - neutral 20日 2016 value_ic | 有效=13/13 均值=+0.10206 t_HAC=+4.97491

2026-10-01 23:59:59.001000 - INFO  - neutral 20日 2016 improvement_ic | 有效=13/13 均值=-0.00791 t_HAC=-0.44324

2026-10-01 23:59:59.001000 - INFO  - neutral 20日 2016 additive_ic | 有效=13/13 均值=+0.06355 t_HAC=+2.57828

2026-10-01 23:59:59.001000 - INFO  - neutral 20日 2016 product_ic | 有效=13/13 均值=+0.00679 t_HAC=+0.38906

2026-10-01 23:59:59.001000 - INFO  - neutral 20日 2017 interaction | 有效=0/12 均值=NA t_HAC=NA

2026-10-01 23:59:59.001000 - INFO  - neutral 20日 2017 regression_interaction | 有效=12/12 均值=+0.00616 t_HAC=+0.82242

2026-10-01 23:59:59.001000 - INFO  - neutral 20日 2017 value_ic | 有效=12/12 均值=+0.08741 t_HAC=+4.45838

2026-10-01 23:59:59.001000 - INFO  - neutral 20日 2017 improvement_ic | 有效=12/12 均值=+0.04016 t_HAC=+1.02392

2026-10-01 23:59:59.001000 - INFO  - neutral 20日 2017 additive_ic | 有效=12/12 均值=+0.09141 t_HAC=+2.35354

2026-10-01 23:59:59.001000 - INFO  - neutral 20日 2017 product_ic | 有效=12/12 均值=+0.00069 t_HAC=+0.07341

2026-10-01 23:59:59.001000 - INFO  - neutral 20日 2018 interaction | 有效=0/12 均值=NA t_HAC=NA

2026-10-01 23:59:59.001000 - INFO  - neutral 20日 2018 regression_interaction | 有效=12/12 均值=+0.00445 t_HAC=+1.11407

2026-10-01 23:59:59.001000 - INFO  - neutral 20日 2018 value_ic | 有效=12/12 均值=+0.02775 t_HAC=+2.92725

2026-10-01 23:59:59.001000 - INFO  - neutral 20日 2018 improvement_ic | 有效=12/12 均值=+0.00699 t_HAC=+0.39097

2026-10-01 23:59:59.001000 - INFO  - neutral 20日 2018 additive_ic | 有效=12/12 均值=+0.02710 t_HAC=+2.24421

2026-10-01 23:59:59.001000 - INFO  - neutral 20日 2018 product_ic | 有效=12/12 均值=+0.00298 t_HAC=+0.48625

2026-10-01 23:59:59.001000 - INFO  - neutral 20日 2019 interaction | 有效=0/12 均值=NA t_HAC=NA

2026-10-01 23:59:59.001000 - INFO  - neutral 20日 2019 regression_interaction | 有效=12/12 均值=+0.00686 t_HAC=+1.47554

2026-10-01 23:59:59.001000 - INFO  - neutral 20日 2019 value_ic | 有效=12/12 均值=+0.04389 t_HAC=+5.16735

2026-10-01 23:59:59.001000 - INFO  - neutral 20日 2019 improvement_ic | 有效=12/12 均值=-0.01639 t_HAC=-2.02776

2026-10-01 23:59:59.001000 - INFO  - neutral 20日 2019 additive_ic | 有效=12/12 均值=+0.02111 t_HAC=+3.45942

2026-10-01 23:59:59.001000 - INFO  - neutral 20日 2019 product_ic | 有效=12/12 均值=+0.00764 t_HAC=+1.04722

2026-10-01 23:59:59.001000 - INFO  - neutral 20日 2020 interaction | 有效=1/12 均值=+0.00646 t_HAC=NA

2026-10-01 23:59:59.001000 - INFO  - neutral 20日 2020 regression_interaction | 有效=12/12 均值=+0.00440 t_HAC=+0.40347

2026-10-01 23:59:59.001000 - INFO  - neutral 20日 2020 value_ic | 有效=12/12 均值=+0.02931 t_HAC=+2.12659

2026-10-01 23:59:59.001000 - INFO  - neutral 20日 2020 improvement_ic | 有效=12/12 均值=+0.00841 t_HAC=+0.41834

2026-10-01 23:59:59.001000 - INFO  - neutral 20日 2020 additive_ic | 有效=12/12 均值=+0.02771 t_HAC=+3.10067

2026-10-01 23:59:59.001000 - INFO  - neutral 20日 2020 product_ic | 有效=12/12 均值=+0.00466 t_HAC=+0.42815

2026-10-01 23:59:59.001000 - INFO  - neutral 20日 2021 interaction | 有效=0/13 均值=NA t_HAC=NA

2026-10-01 23:59:59.001000 - INFO  - neutral 20日 2021 regression_interaction | 有效=13/13 均值=+0.01789 t_HAC=+1.79337

2026-10-01 23:59:59.001000 - INFO  - neutral 20日 2021 value_ic | 有效=13/13 均值=+0.03599 t_HAC=+1.42276

2026-10-01 23:59:59.001000 - INFO  - neutral 20日 2021 improvement_ic | 有效=13/13 均值=+0.00695 t_HAC=+0.37810

2026-10-01 23:59:59.001000 - INFO  - neutral 20日 2021 additive_ic | 有效=13/13 均值=+0.03091 t_HAC=+1.24158

2026-10-01 23:59:59.001000 - INFO  - neutral 20日 2021 product_ic | 有效=13/13 均值=+0.01196 t_HAC=+0.71322

2026-10-01 23:59:59.001000 - INFO  - neutral 20日 2022 interaction | 有效=1/12 均值=+0.00759 t_HAC=NA

2026-10-01 23:59:59.001000 - INFO  - neutral 20日 2022 regression_interaction | 有效=12/12 均值=-0.01212 t_HAC=-1.36276

2026-10-01 23:59:59.001000 - INFO  - neutral 20日 2022 value_ic | 有效=12/12 均值=+0.02477 t_HAC=+2.70804

2026-10-01 23:59:59.001000 - INFO  - neutral 20日 2022 improvement_ic | 有效=12/12 均值=+0.03404 t_HAC=+1.17493

2026-10-01 23:59:59.001000 - INFO  - neutral 20日 2022 additive_ic | 有效=12/12 均值=+0.04163 t_HAC=+1.87318

2026-10-01 23:59:59.001000 - INFO  - neutral 20日 2022 product_ic | 有效=12/12 均值=-0.01435 t_HAC=-0.90445

2026-10-01 23:59:59.001000 - INFO  - neutral 20日 2023 interaction | 有效=4/12 均值=+0.00234 t_HAC=NA

2026-10-01 23:59:59.001000 - INFO  - neutral 20日 2023 regression_interaction | 有效=12/12 均值=-0.00792 t_HAC=-2.09750

2026-10-01 23:59:59.001000 - INFO  - neutral 20日 2023 value_ic | 有效=12/12 均值=+0.06760 t_HAC=+2.81129

2026-10-01 23:59:59.001000 - INFO  - neutral 20日 2023 improvement_ic | 有效=12/12 均值=+0.01109 t_HAC=+1.26580

2026-10-01 23:59:59.001000 - INFO  - neutral 20日 2023 additive_ic | 有效=12/12 均值=+0.05804 t_HAC=+3.66479

2026-10-01 23:59:59.001000 - INFO  - neutral 20日 2023 product_ic | 有效=12/12 均值=+0.00127 t_HAC=+0.15404

2026-10-01 23:59:59.001000 - INFO  - neutral 20日 2024 interaction | 有效=0/12 均值=NA t_HAC=NA

2026-10-01 23:59:59.001000 - INFO  - neutral 20日 2024 regression_interaction | 有效=12/12 均值=+0.00742 t_HAC=+1.03799

2026-10-01 23:59:59.001000 - INFO  - neutral 20日 2024 value_ic | 有效=12/12 均值=+0.03719 t_HAC=+0.94020

2026-10-01 23:59:59.001000 - INFO  - neutral 20日 2024 improvement_ic | 有效=12/12 均值=-0.00856 t_HAC=-0.77990

2026-10-01 23:59:59.001000 - INFO  - neutral 20日 2024 additive_ic | 有效=12/12 均值=+0.02074 t_HAC=+0.59239

2026-10-01 23:59:59.001000 - INFO  - neutral 20日 2024 product_ic | 有效=12/12 均值=+0.00634 t_HAC=+1.28963

2026-10-01 23:59:59.001000 - INFO  - neutral 20日 2025 interaction | 有效=0/12 均值=NA t_HAC=NA

2026-10-01 23:59:59.001000 - INFO  - neutral 20日 2025 regression_interaction | 有效=12/12 均值=-0.00326 t_HAC=-0.45883

2026-10-01 23:59:59.001000 - INFO  - neutral 20日 2025 value_ic | 有效=12/12 均值=+0.03697 t_HAC=+2.18632

2026-10-01 23:59:59.001000 - INFO  - neutral 20日 2025 improvement_ic | 有效=12/12 均值=+0.01036 t_HAC=+1.02238

2026-10-01 23:59:59.001000 - INFO  - neutral 20日 2025 additive_ic | 有效=12/12 均值=+0.03388 t_HAC=+2.02777

2026-10-01 23:59:59.001000 - INFO  - neutral 20日 2025 product_ic | 有效=12/12 均值=+0.00301 t_HAC=+0.38402

2026-10-01 23:59:59.001000 - INFO  - neutral 20日 2026 interaction | 有效=0/8 均值=NA t_HAC=NA

2026-10-01 23:59:59.001000 - INFO  - neutral 20日 2026 regression_interaction | 有效=8/8 均值=-0.00932 t_HAC=-0.52841

2026-10-01 23:59:59.001000 - INFO  - neutral 20日 2026 value_ic | 有效=8/8 均值=+0.06381 t_HAC=+2.62751

2026-10-01 23:59:59.001000 - INFO  - neutral 20日 2026 improvement_ic | 有效=8/8 均值=+0.02911 t_HAC=+0.61594

2026-10-01 23:59:59.001000 - INFO  - neutral 20日 2026 additive_ic | 有效=8/8 均值=+0.06332 t_HAC=+1.90142

2026-10-01 23:59:59.001000 - INFO  - neutral 20日 2026 product_ic | 有效=8/8 均值=-0.01818 t_HAC=-0.70048

2026-10-01 23:59:59.001000 - INFO  -   四格共同有效=6/130；A/B/C/D均值={'A': -0.003489253785268234, 'B': 0.0018357568828740534, 'C': -0.00774987806278257, 'D': -0.0063299411219814765}；平均配对覆盖=99.3%

2026-10-01 23:59:59.001000 - INFO  - neutral 60日 all interaction | 有效=5/128 均值=+0.00920 t_HAC=NA

2026-10-01 23:59:59.001000 - INFO  - neutral 60日 all regression_interaction | 有效=128/128 均值=+0.00420 t_HAC=+0.63468

2026-10-01 23:59:59.001000 - INFO  - neutral 60日 all value_ic | 有效=128/128 均值=+0.07072 t_HAC=+5.86301

2026-10-01 23:59:59.001000 - INFO  - neutral 60日 all improvement_ic | 有效=128/128 均值=+0.02326 t_HAC=+2.46206

2026-10-01 23:59:59.001000 - INFO  - neutral 60日 all additive_ic | 有效=128/128 均值=+0.06713 t_HAC=+5.32095

2026-10-01 23:59:59.001000 - INFO  - neutral 60日 all product_ic | 有效=128/128 均值=+0.00206 t_HAC=+0.41863

2026-10-01 23:59:59.001000 - INFO  - neutral 60日 2016 interaction | 有效=0/13 均值=NA t_HAC=NA

2026-10-01 23:59:59.001000 - INFO  - neutral 60日 2016 regression_interaction | 有效=13/13 均值=-0.01616 t_HAC=-0.70694

2026-10-01 23:59:59.001000 - INFO  - neutral 60日 2016 value_ic | 有效=13/13 均值=+0.15513 t_HAC=+4.68437

2026-10-01 23:59:59.001000 - INFO  - neutral 60日 2016 improvement_ic | 有效=13/13 均值=+0.01192 t_HAC=+0.54615

2026-10-01 23:59:59.001000 - INFO  - neutral 60日 2016 additive_ic | 有效=13/13 均值=+0.11600 t_HAC=+3.58494

2026-10-01 23:59:59.001000 - INFO  - neutral 60日 2016 product_ic | 有效=13/13 均值=+0.00085 t_HAC=+0.03663

2026-10-01 23:59:59.001000 - INFO  - neutral 60日 2017 interaction | 有效=0/12 均值=NA t_HAC=NA

2026-10-01 23:59:59.001000 - INFO  - neutral 60日 2017 regression_interaction | 有效=12/12 均值=+0.02070 t_HAC=+2.95239

2026-10-01 23:59:59.001000 - INFO  - neutral 60日 2017 value_ic | 有效=12/12 均值=+0.12709 t_HAC=+4.82895

2026-10-01 23:59:59.001000 - INFO  - neutral 60日 2017 improvement_ic | 有效=12/12 均值=+0.11159 t_HAC=+2.30303

2026-10-01 23:59:59.001000 - INFO  - neutral 60日 2017 additive_ic | 有效=12/12 均值=+0.17153 t_HAC=+4.07457

2026-10-01 23:59:59.001000 - INFO  - neutral 60日 2017 product_ic | 有效=12/12 均值=-0.00239 t_HAC=-0.28935

2026-10-01 23:59:59.001000 - INFO  - neutral 60日 2018 interaction | 有效=0/12 均值=NA t_HAC=NA

2026-10-01 23:59:59.001000 - INFO  - neutral 60日 2018 regression_interaction | 有效=12/12 均值=+0.02873 t_HAC=+3.00302

2026-10-01 23:59:59.001000 - INFO  - neutral 60日 2018 value_ic | 有效=12/12 均值=+0.03589 t_HAC=+2.38663

2026-10-01 23:59:59.001000 - INFO  - neutral 60日 2018 improvement_ic | 有效=12/12 均值=+0.02195 t_HAC=+1.44348

2026-10-01 23:59:59.001000 - INFO  - neutral 60日 2018 additive_ic | 有效=12/12 均值=+0.04265 t_HAC=+3.04148

2026-10-01 23:59:59.001000 - INFO  - neutral 60日 2018 product_ic | 有效=12/12 均值=+0.01789 t_HAC=+2.57064

2026-10-01 23:59:59.001000 - INFO  - neutral 60日 2019 interaction | 有效=1/12 均值=-0.00254 t_HAC=NA

2026-10-01 23:59:59.001000 - INFO  - neutral 60日 2019 regression_interaction | 有效=12/12 均值=+0.00233 t_HAC=+0.32078

2026-10-01 23:59:59.001000 - INFO  - neutral 60日 2019 value_ic | 有效=12/12 均值=+0.04387 t_HAC=+4.32225

2026-10-01 23:59:59.001000 - INFO  - neutral 60日 2019 improvement_ic | 有效=12/12 均值=-0.00775 t_HAC=-0.56353

2026-10-01 23:59:59.001000 - INFO  - neutral 60日 2019 additive_ic | 有效=12/12 均值=+0.02570 t_HAC=+2.40970

2026-10-01 23:59:59.001000 - INFO  - neutral 60日 2019 product_ic | 有效=12/12 均值=+0.00610 t_HAC=+0.64082

2026-10-01 23:59:59.001000 - INFO  - neutral 60日 2020 interaction | 有效=0/12 均值=NA t_HAC=NA

2026-10-01 23:59:59.001000 - INFO  - neutral 60日 2020 regression_interaction | 有效=12/12 均值=+0.02885 t_HAC=+0.92395

2026-10-01 23:59:59.001000 - INFO  - neutral 60日 2020 value_ic | 有效=12/12 均值=+0.04599 t_HAC=+2.15190

2026-10-01 23:59:59.001000 - INFO  - neutral 60日 2020 improvement_ic | 有效=12/12 均值=+0.02524 t_HAC=+0.64681

2026-10-01 23:59:59.001000 - INFO  - neutral 60日 2020 additive_ic | 有效=12/12 均值=+0.05252 t_HAC=+1.65223

2026-10-01 23:59:59.001000 - INFO  - neutral 60日 2020 product_ic | 有效=12/12 均值=+0.01102 t_HAC=+0.82389

2026-10-01 23:59:59.001000 - INFO  - neutral 60日 2021 interaction | 有效=0/13 均值=NA t_HAC=NA

2026-10-01 23:59:59.001000 - INFO  - neutral 60日 2021 regression_interaction | 有效=13/13 均值=+0.00165 t_HAC=+0.05619

2026-10-01 23:59:59.001000 - INFO  - neutral 60日 2021 value_ic | 有效=13/13 均值=+0.05254 t_HAC=+1.52958

2026-10-01 23:59:59.001000 - INFO  - neutral 60日 2021 improvement_ic | 有效=13/13 均值=+0.02341 t_HAC=+0.60490

2026-10-01 23:59:59.001000 - INFO  - neutral 60日 2021 additive_ic | 有效=13/13 均值=+0.05241 t_HAC=+1.12627

2026-10-01 23:59:59.001000 - INFO  - neutral 60日 2021 product_ic | 有效=13/13 均值=+0.00248 t_HAC=+0.11009

2026-10-01 23:59:59.001000 - INFO  - neutral 60日 2022 interaction | 有效=3/12 均值=+0.01722 t_HAC=NA

2026-10-01 23:59:59.001000 - INFO  - neutral 60日 2022 regression_interaction | 有效=12/12 均值=-0.02794 t_HAC=-1.75818

2026-10-01 23:59:59.001000 - INFO  - neutral 60日 2022 value_ic | 有效=12/12 均值=+0.04617 t_HAC=+1.43078

2026-10-01 23:59:59.001000 - INFO  - neutral 60日 2022 improvement_ic | 有效=12/12 均值=+0.00437 t_HAC=+0.23165

2026-10-01 23:59:59.001000 - INFO  - neutral 60日 2022 additive_ic | 有效=12/12 均值=+0.03704 t_HAC=+1.73117

2026-10-01 23:59:59.001000 - INFO  - neutral 60日 2022 product_ic | 有效=12/12 均值=-0.01322 t_HAC=-0.74057

2026-10-01 23:59:59.001000 - INFO  - neutral 60日 2023 interaction | 有效=1/12 均值=-0.00310 t_HAC=NA

2026-10-01 23:59:59.001000 - INFO  - neutral 60日 2023 regression_interaction | 有效=12/12 均值=-0.00503 t_HAC=-0.71126

2026-10-01 23:59:59.001000 - INFO  - neutral 60日 2023 value_ic | 有效=12/12 均值=+0.10387 t_HAC=+3.43633

2026-10-01 23:59:59.001000 - INFO  - neutral 60日 2023 improvement_ic | 有效=12/12 均值=+0.00729 t_HAC=+0.55399

2026-10-01 23:59:59.001000 - INFO  - neutral 60日 2023 additive_ic | 有效=12/12 均值=+0.08284 t_HAC=+4.95135

2026-10-01 23:59:59.001000 - INFO  - neutral 60日 2023 product_ic | 有效=12/12 均值=+0.00389 t_HAC=+0.45679

2026-10-01 23:59:59.001000 - INFO  - neutral 60日 2024 interaction | 有效=0/12 均值=NA t_HAC=NA

2026-10-01 23:59:59.001000 - INFO  - neutral 60日 2024 regression_interaction | 有效=12/12 均值=+0.03211 t_HAC=+1.97590

2026-10-01 23:59:59.001000 - INFO  - neutral 60日 2024 value_ic | 有效=12/12 均值=+0.01989 t_HAC=+0.37175

2026-10-01 23:59:59.001000 - INFO  - neutral 60日 2024 improvement_ic | 有效=12/12 均值=+0.00247 t_HAC=+0.14309

2026-10-01 23:59:59.001000 - INFO  - neutral 60日 2024 additive_ic | 有效=12/12 均值=+0.01507 t_HAC=+0.31149

2026-10-01 23:59:59.001000 - INFO  - neutral 60日 2024 product_ic | 有效=12/12 均值=+0.00709 t_HAC=+0.63786

2026-10-01 23:59:59.001000 - INFO  - neutral 60日 2025 interaction | 有效=0/12 均值=NA t_HAC=NA

2026-10-01 23:59:59.001000 - INFO  - neutral 60日 2025 regression_interaction | 有效=12/12 均值=+0.00755 t_HAC=+0.95187

2026-10-01 23:59:59.001000 - INFO  - neutral 60日 2025 value_ic | 有效=12/12 均值=+0.03980 t_HAC=+3.12202

2026-10-01 23:59:59.001000 - INFO  - neutral 60日 2025 improvement_ic | 有效=12/12 均值=+0.01584 t_HAC=+4.25418

2026-10-01 23:59:59.001000 - INFO  - neutral 60日 2025 additive_ic | 有效=12/12 均值=+0.04024 t_HAC=+3.98108

2026-10-01 23:59:59.001000 - INFO  - neutral 60日 2025 product_ic | 有效=12/12 均值=+0.00618 t_HAC=+0.91144

2026-10-01 23:59:59.001000 - INFO  - neutral 60日 2026 interaction | 有效=0/6 均值=NA t_HAC=NA

2026-10-01 23:59:59.001000 - INFO  - neutral 60日 2026 regression_interaction | 有效=6/6 均值=-0.05347 t_HAC=-1.95828

2026-10-01 23:59:59.001000 - INFO  - neutral 60日 2026 value_ic | 有效=6/6 均值=+0.13369 t_HAC=+2.19914

2026-10-01 23:59:59.001000 - INFO  - neutral 60日 2026 improvement_ic | 有效=6/6 均值=+0.05770 t_HAC=+4.31455

2026-10-01 23:59:59.001000 - INFO  - neutral 60日 2026 additive_ic | 有效=6/6 均值=+0.13212 t_HAC=+2.90660

2026-10-01 23:59:59.001000 - INFO  - neutral 60日 2026 product_ic | 有效=6/6 均值=-0.03645 t_HAC=-0.98123

2026-10-01 23:59:59.001000 - INFO  -   四格共同有效=5/128；A/B/C/D均值={'A': 0.03676804984790441, 'B': 0.03535492566175512, 'C': 0.013359410837832531, 'D': 0.0027454324606173168}；平均配对覆盖=98.9%

2026-10-01 23:59:59.001000 - INFO  - neutral 120日 all interaction | 有效=5/125 均值=+0.01026 t_HAC=NA

2026-10-01 23:59:59.001000 - INFO  - neutral 120日 all regression_interaction | 有效=125/125 均值=+0.00812 t_HAC=+0.74440

2026-10-01 23:59:59.001000 - INFO  - neutral 120日 all value_ic | 有效=125/125 均值=+0.07900 t_HAC=+4.99336

2026-10-01 23:59:59.001000 - INFO  - neutral 120日 all improvement_ic | 有效=125/125 均值=+0.04168 t_HAC=+2.83505

2026-10-01 23:59:59.001000 - INFO  - neutral 120日 all additive_ic | 有效=125/125 均值=+0.08645 t_HAC=+4.74808

2026-10-01 23:59:59.001000 - INFO  - neutral 120日 all product_ic | 有效=125/125 均值=+0.00242 t_HAC=+0.52360

2026-10-01 23:59:59.001000 - INFO  - neutral 120日 2016 interaction | 有效=0/13 均值=NA t_HAC=NA

2026-10-01 23:59:59.001000 - INFO  - neutral 120日 2016 regression_interaction | 有效=13/13 均值=-0.00341 t_HAC=-0.08882

2026-10-01 23:59:59.001000 - INFO  - neutral 120日 2016 value_ic | 有效=13/13 均值=+0.20304 t_HAC=+19.24656

2026-10-01 23:59:59.001000 - INFO  - neutral 120日 2016 improvement_ic | 有效=13/13 均值=+0.07021 t_HAC=+2.05389

2026-10-01 23:59:59.001000 - INFO  - neutral 120日 2016 additive_ic | 有效=13/13 均值=+0.19419 t_HAC=+7.21911

2026-10-01 23:59:59.001000 - INFO  - neutral 120日 2016 product_ic | 有效=13/13 均值=+0.01168 t_HAC=+0.52913

2026-10-01 23:59:59.001000 - INFO  - neutral 120日 2017 interaction | 有效=0/12 均值=NA t_HAC=NA

2026-10-01 23:59:59.001000 - INFO  - neutral 120日 2017 regression_interaction | 有效=12/12 均值=+0.00667 t_HAC=+0.83405

2026-10-01 23:59:59.001000 - INFO  - neutral 120日 2017 value_ic | 有效=12/12 均值=+0.13869 t_HAC=+14.76549

2026-10-01 23:59:59.001000 - INFO  - neutral 120日 2017 improvement_ic | 有效=12/12 均值=+0.18203 t_HAC=+3.83644

2026-10-01 23:59:59.001000 - INFO  - neutral 120日 2017 additive_ic | 有效=12/12 均值=+0.23150 t_HAC=+6.90781

2026-10-01 23:59:59.001000 - INFO  - neutral 120日 2017 product_ic | 有效=12/12 均值=-0.00856 t_HAC=-1.23210

2026-10-01 23:59:59.001000 - INFO  - neutral 120日 2018 interaction | 有效=0/12 均值=NA t_HAC=NA

2026-10-01 23:59:59.001000 - INFO  - neutral 120日 2018 regression_interaction | 有效=12/12 均值=+0.04505 t_HAC=+2.56185

2026-10-01 23:59:59.001000 - INFO  - neutral 120日 2018 value_ic | 有效=12/12 均值=+0.03718 t_HAC=+2.33697

2026-10-01 23:59:59.001000 - INFO  - neutral 120日 2018 improvement_ic | 有效=12/12 均值=+0.02388 t_HAC=+2.86498

2026-10-01 23:59:59.001000 - INFO  - neutral 120日 2018 additive_ic | 有效=12/12 均值=+0.04435 t_HAC=+3.71878

2026-10-01 23:59:59.001000 - INFO  - neutral 120日 2018 product_ic | 有效=12/12 均值=+0.02012 t_HAC=+4.93879

2026-10-01 23:59:59.001000 - INFO  - neutral 120日 2019 interaction | 有效=0/12 均值=NA t_HAC=NA

2026-10-01 23:59:59.001000 - INFO  - neutral 120日 2019 regression_interaction | 有效=12/12 均值=+0.00466 t_HAC=+0.18193

2026-10-01 23:59:59.001000 - INFO  - neutral 120日 2019 value_ic | 有效=12/12 均值=+0.03463 t_HAC=+3.27029

2026-10-01 23:59:59.001000 - INFO  - neutral 120日 2019 improvement_ic | 有效=12/12 均值=+0.00186 t_HAC=+0.12453

2026-10-01 23:59:59.001000 - INFO  - neutral 120日 2019 additive_ic | 有效=12/12 均值=+0.02545 t_HAC=+4.63005

2026-10-01 23:59:59.001000 - INFO  - neutral 120日 2019 product_ic | 有效=12/12 均值=+0.00328 t_HAC=+0.37287

2026-10-01 23:59:59.001000 - INFO  - neutral 120日 2020 interaction | 有效=1/12 均值=+0.05905 t_HAC=NA

2026-10-01 23:59:59.001000 - INFO  - neutral 120日 2020 regression_interaction | 有效=12/12 均值=+0.06992 t_HAC=+2.59066

2026-10-01 23:59:59.001000 - INFO  - neutral 120日 2020 value_ic | 有效=12/12 均值=+0.05848 t_HAC=+2.66967

2026-10-01 23:59:59.001000 - INFO  - neutral 120日 2020 improvement_ic | 有效=12/12 均值=-0.00400 t_HAC=-0.20610

2026-10-01 23:59:59.001000 - INFO  - neutral 120日 2020 additive_ic | 有效=12/12 均值=+0.03961 t_HAC=+2.66430

2026-10-01 23:59:59.001000 - INFO  - neutral 120日 2020 product_ic | 有效=12/12 均值=+0.01031 t_HAC=+1.92209

2026-10-01 23:59:59.001000 - INFO  - neutral 120日 2021 interaction | 有效=0/13 均值=NA t_HAC=NA

2026-10-01 23:59:59.001000 - INFO  - neutral 120日 2021 regression_interaction | 有效=13/13 均值=-0.04814 t_HAC=-1.44874

2026-10-01 23:59:59.001000 - INFO  - neutral 120日 2021 value_ic | 有效=13/13 均值=+0.05066 t_HAC=+1.68823

2026-10-01 23:59:59.001000 - INFO  - neutral 120日 2021 improvement_ic | 有效=13/13 均值=+0.08324 t_HAC=+2.30262

2026-10-01 23:59:59.001000 - INFO  - neutral 120日 2021 additive_ic | 有效=13/13 均值=+0.09026 t_HAC=+1.96358

2026-10-01 23:59:59.001000 - INFO  - neutral 120日 2021 product_ic | 有效=13/13 均值=-0.01923 t_HAC=-0.82639

2026-10-01 23:59:59.001000 - INFO  - neutral 120日 2022 interaction | 有效=2/12 均值=+0.01451 t_HAC=NA

2026-10-01 23:59:59.001000 - INFO  - neutral 120日 2022 regression_interaction | 有效=12/12 均值=+0.01027 t_HAC=+0.55203

2026-10-01 23:59:59.001000 - INFO  - neutral 120日 2022 value_ic | 有效=12/12 均值=+0.07823 t_HAC=+1.46920

2026-10-01 23:59:59.001000 - INFO  - neutral 120日 2022 improvement_ic | 有效=12/12 均值=-0.00641 t_HAC=-0.37665

2026-10-01 23:59:59.001000 - INFO  - neutral 120日 2022 additive_ic | 有效=12/12 均值=+0.05384 t_HAC=+1.20244

2026-10-01 23:59:59.001000 - INFO  - neutral 120日 2022 product_ic | 有效=12/12 均值=+0.00380 t_HAC=+0.30693

2026-10-01 23:59:59.001000 - INFO  - neutral 120日 2023 interaction | 有效=1/12 均值=-0.02033 t_HAC=NA

2026-10-01 23:59:59.001000 - INFO  - neutral 120日 2023 regression_interaction | 有效=12/12 均值=+0.00428 t_HAC=+0.24823

2026-10-01 23:59:59.001000 - INFO  - neutral 120日 2023 value_ic | 有效=12/12 均值=+0.14187 t_HAC=+4.78492

2026-10-01 23:59:59.001000 - INFO  - neutral 120日 2023 improvement_ic | 有效=12/12 均值=+0.01680 t_HAC=+2.24578

2026-10-01 23:59:59.001000 - INFO  - neutral 120日 2023 additive_ic | 有效=12/12 均值=+0.11822 t_HAC=+5.13605

2026-10-01 23:59:59.001000 - INFO  - neutral 120日 2023 product_ic | 有效=12/12 均值=+0.00987 t_HAC=+1.72218

2026-10-01 23:59:59.001000 - INFO  - neutral 120日 2024 interaction | 有效=0/12 均值=NA t_HAC=NA

2026-10-01 23:59:59.001000 - INFO  - neutral 120日 2024 regression_interaction | 有效=12/12 均值=+0.05319 t_HAC=+2.34587

2026-10-01 23:59:59.001000 - INFO  - neutral 120日 2024 value_ic | 有效=12/12 均值=-0.01524 t_HAC=-0.40293

2026-10-01 23:59:59.001000 - INFO  - neutral 120日 2024 improvement_ic | 有效=12/12 均值=+0.01885 t_HAC=+1.20945

2026-10-01 23:59:59.001000 - INFO  - neutral 120日 2024 additive_ic | 有效=12/12 均值=+0.00155 t_HAC=+0.04498

2026-10-01 23:59:59.001000 - INFO  - neutral 120日 2024 product_ic | 有效=12/12 均值=+0.00659 t_HAC=+0.49721

2026-10-01 23:59:59.001000 - INFO  - neutral 120日 2025 interaction | 有效=0/12 均值=NA t_HAC=NA

2026-10-01 23:59:59.001000 - INFO  - neutral 120日 2025 regression_interaction | 有效=12/12 均值=-0.03722 t_HAC=-2.30292

2026-10-01 23:59:59.001000 - INFO  - neutral 120日 2025 value_ic | 有效=12/12 均值=+0.03780 t_HAC=+2.33878

2026-10-01 23:59:59.001000 - INFO  - neutral 120日 2025 improvement_ic | 有效=12/12 均值=+0.02519 t_HAC=+6.30575

2026-10-01 23:59:59.001000 - INFO  - neutral 120日 2025 additive_ic | 有效=12/12 均值=+0.04540 t_HAC=+4.22682

2026-10-01 23:59:59.001000 - INFO  - neutral 120日 2025 product_ic | 有效=12/12 均值=-0.00997 t_HAC=-2.37183

2026-10-01 23:59:59.001000 - INFO  - neutral 120日 2026 interaction | 有效=1/3 均值=-0.01641 t_HAC=NA

2026-10-01 23:59:59.001000 - INFO  - neutral 120日 2026 regression_interaction | 有效=3/3 均值=-0.06545 t_HAC=-10.45270

2026-10-01 23:59:59.001000 - INFO  - neutral 120日 2026 value_ic | 有效=3/3 均值=+0.14582 t_HAC=+8.02536

2026-10-01 23:59:59.001000 - INFO  - neutral 120日 2026 improvement_ic | 有效=3/3 均值=+0.03906 t_HAC=+2.14537

2026-10-01 23:59:59.001000 - INFO  - neutral 120日 2026 additive_ic | 有效=3/3 均值=+0.12985 t_HAC=+4.85239

2026-10-01 23:59:59.001000 - INFO  - neutral 120日 2026 product_ic | 有效=3/3 均值=-0.00839 t_HAC=-1.43960

2026-10-01 23:59:59.001000 - INFO  -   四格共同有效=5/125；A/B/C/D均值={'A': 0.040647753159450184, 'B': 0.05342084339765536, 'C': -0.0023559773699455113, 'D': 0.00015289535157345658}；平均配对覆盖=98.6%

2026-10-01 23:59:59.001000 - INFO  - raw 20日 all interaction | 有效=6/130 均值=+0.00076 t_HAC=NA

2026-10-01 23:59:59.001000 - INFO  - raw 20日 all regression_interaction | 有效=130/130 均值=+0.00076 t_HAC=+0.34157

2026-10-01 23:59:59.001000 - INFO  - raw 20日 all value_ic | 有效=130/130 均值=+0.04841 t_HAC=+3.75270

2026-10-01 23:59:59.001000 - INFO  - raw 20日 all improvement_ic | 有效=130/130 均值=+0.01221 t_HAC=+3.37539

2026-10-01 23:59:59.001000 - INFO  - raw 20日 all additive_ic | 有效=130/130 均值=+0.04347 t_HAC=+4.38333

2026-10-01 23:59:59.001000 - INFO  - raw 20日 all product_ic | 有效=130/130 均值=+0.00218 t_HAC=+1.02924

2026-10-01 23:59:59.001000 - INFO  - raw 20日 2016 interaction | 有效=0/13 均值=NA t_HAC=NA

2026-10-01 23:59:59.001000 - INFO  - raw 20日 2016 regression_interaction | 有效=13/13 均值=-0.00131 t_HAC=-0.18144

2026-10-01 23:59:59.001000 - INFO  - raw 20日 2016 value_ic | 有效=13/13 均值=+0.07250 t_HAC=+2.23326

2026-10-01 23:59:59.001000 - INFO  - raw 20日 2016 improvement_ic | 有效=13/13 均值=+0.01537 t_HAC=+3.42890

2026-10-01 23:59:59.001000 - INFO  - raw 20日 2016 additive_ic | 有效=13/13 均值=+0.06348 t_HAC=+2.57767

2026-10-01 23:59:59.001000 - INFO  - raw 20日 2016 product_ic | 有效=13/13 均值=+0.00494 t_HAC=+0.91633

2026-10-01 23:59:59.001000 - INFO  - raw 20日 2017 interaction | 有效=0/12 均值=NA t_HAC=NA

2026-10-01 23:59:59.001000 - INFO  - raw 20日 2017 regression_interaction | 有效=12/12 均值=-0.00551 t_HAC=-0.99577

2026-10-01 23:59:59.001000 - INFO  - raw 20日 2017 value_ic | 有效=12/12 均值=+0.14173 t_HAC=+3.03274

2026-10-01 23:59:59.001000 - INFO  - raw 20日 2017 improvement_ic | 有效=12/12 均值=+0.01621 t_HAC=+1.28566

2026-10-01 23:59:59.001000 - INFO  - raw 20日 2017 additive_ic | 有效=12/12 均值=+0.11182 t_HAC=+3.19686

2026-10-01 23:59:59.001000 - INFO  - raw 20日 2017 product_ic | 有效=12/12 均值=+0.00195 t_HAC=+0.33286

2026-10-01 23:59:59.001000 - INFO  - raw 20日 2018 interaction | 有效=0/12 均值=NA t_HAC=NA

2026-10-01 23:59:59.001000 - INFO  - raw 20日 2018 regression_interaction | 有效=12/12 均值=-0.00086 t_HAC=-0.19346

2026-10-01 23:59:59.001000 - INFO  - raw 20日 2018 value_ic | 有效=12/12 均值=+0.01429 t_HAC=+0.51633

2026-10-01 23:59:59.001000 - INFO  - raw 20日 2018 improvement_ic | 有效=12/12 均值=+0.01127 t_HAC=+1.17747

2026-10-01 23:59:59.001000 - INFO  - raw 20日 2018 additive_ic | 有效=12/12 均值=+0.01893 t_HAC=+0.87261

2026-10-01 23:59:59.001000 - INFO  - raw 20日 2018 product_ic | 有效=12/12 均值=+0.00098 t_HAC=+0.21364

2026-10-01 23:59:59.001000 - INFO  - raw 20日 2019 interaction | 有效=0/12 均值=NA t_HAC=NA

2026-10-01 23:59:59.001000 - INFO  - raw 20日 2019 regression_interaction | 有效=12/12 均值=+0.01064 t_HAC=+3.01771

2026-10-01 23:59:59.001000 - INFO  - raw 20日 2019 value_ic | 有效=12/12 均值=+0.03152 t_HAC=+2.13968

2026-10-01 23:59:59.001000 - INFO  - raw 20日 2019 improvement_ic | 有效=12/12 均值=+0.01611 t_HAC=+3.28379

2026-10-01 23:59:59.001000 - INFO  - raw 20日 2019 additive_ic | 有效=12/12 均值=+0.03461 t_HAC=+2.79134

2026-10-01 23:59:59.001000 - INFO  - raw 20日 2019 product_ic | 有效=12/12 均值=+0.00220 t_HAC=+0.45154

2026-10-01 23:59:59.001000 - INFO  - raw 20日 2020 interaction | 有效=1/12 均值=+0.00725 t_HAC=NA

2026-10-01 23:59:59.001000 - INFO  - raw 20日 2020 regression_interaction | 有效=12/12 均值=+0.00815 t_HAC=+1.20977

2026-10-01 23:59:59.001000 - INFO  - raw 20日 2020 value_ic | 有效=12/12 均值=+0.04059 t_HAC=+2.13339

2026-10-01 23:59:59.001000 - INFO  - raw 20日 2020 improvement_ic | 有效=12/12 均值=-0.00851 t_HAC=-0.68723

2026-10-01 23:59:59.001000 - INFO  - raw 20日 2020 additive_ic | 有效=12/12 均值=+0.02118 t_HAC=+2.46707

2026-10-01 23:59:59.001000 - INFO  - raw 20日 2020 product_ic | 有效=12/12 均值=-0.00112 t_HAC=-0.17050

2026-10-01 23:59:59.001000 - INFO  - raw 20日 2021 interaction | 有效=0/13 均值=NA t_HAC=NA

2026-10-01 23:59:59.001000 - INFO  - raw 20日 2021 regression_interaction | 有效=13/13 均值=-0.00580 t_HAC=-1.24282

2026-10-01 23:59:59.001000 - INFO  - raw 20日 2021 value_ic | 有效=13/13 均值=+0.03807 t_HAC=+0.89233

2026-10-01 23:59:59.001000 - INFO  - raw 20日 2021 improvement_ic | 有效=13/13 均值=+0.01956 t_HAC=+0.99053

2026-10-01 23:59:59.001000 - INFO  - raw 20日 2021 additive_ic | 有效=13/13 均值=+0.04552 t_HAC=+1.51248

2026-10-01 23:59:59.001000 - INFO  - raw 20日 2021 product_ic | 有效=13/13 均值=-0.00153 t_HAC=-0.30186

2026-10-01 23:59:59.001000 - INFO  - raw 20日 2022 interaction | 有效=1/12 均值=+0.00459 t_HAC=NA

2026-10-01 23:59:59.001000 - INFO  - raw 20日 2022 regression_interaction | 有效=12/12 均值=+0.00861 t_HAC=+2.27078

2026-10-01 23:59:59.001000 - INFO  - raw 20日 2022 value_ic | 有效=12/12 均值=+0.01106 t_HAC=+0.41513

2026-10-01 23:59:59.001000 - INFO  - raw 20日 2022 improvement_ic | 有效=12/12 均值=+0.01424 t_HAC=+0.87398

2026-10-01 23:59:59.001000 - INFO  - raw 20日 2022 additive_ic | 有效=12/12 均值=+0.01827 t_HAC=+0.76601

2026-10-01 23:59:59.001000 - INFO  - raw 20日 2022 product_ic | 有效=12/12 均值=+0.00513 t_HAC=+0.83061

2026-10-01 23:59:59.001000 - INFO  - raw 20日 2023 interaction | 有效=4/12 均值=-0.00181 t_HAC=NA

2026-10-01 23:59:59.001000 - INFO  - raw 20日 2023 regression_interaction | 有效=12/12 均值=-0.00160 t_HAC=-0.20374

2026-10-01 23:59:59.001000 - INFO  - raw 20日 2023 value_ic | 有效=12/12 均值=+0.05775 t_HAC=+1.34225

2026-10-01 23:59:59.001000 - INFO  - raw 20日 2023 improvement_ic | 有效=12/12 均值=+0.03039 t_HAC=+5.44096

2026-10-01 23:59:59.001000 - INFO  - raw 20日 2023 additive_ic | 有效=12/12 均值=+0.06360 t_HAC=+1.98098

2026-10-01 23:59:59.001000 - INFO  - raw 20日 2023 product_ic | 有效=12/12 均值=+0.01289 t_HAC=+1.26912

2026-10-01 23:59:59.001000 - INFO  - raw 20日 2024 interaction | 有效=0/12 均值=NA t_HAC=NA

2026-10-01 23:59:59.001000 - INFO  - raw 20日 2024 regression_interaction | 有效=12/12 均值=+0.01323 t_HAC=+2.65866

2026-10-01 23:59:59.001000 - INFO  - raw 20日 2024 value_ic | 有效=12/12 均值=+0.04433 t_HAC=+0.63973

2026-10-01 23:59:59.001000 - INFO  - raw 20日 2024 improvement_ic | 有效=12/12 均值=-0.00164 t_HAC=-0.11862

2026-10-01 23:59:59.001000 - INFO  - raw 20日 2024 additive_ic | 有效=12/12 均值=+0.02936 t_HAC=+0.50145

2026-10-01 23:59:59.001000 - INFO  - raw 20日 2024 product_ic | 有效=12/12 均值=+0.00384 t_HAC=+0.82839

2026-10-01 23:59:59.001000 - INFO  - raw 20日 2025 interaction | 有效=0/12 均值=NA t_HAC=NA

2026-10-01 23:59:59.001000 - INFO  - raw 20日 2025 regression_interaction | 有效=12/12 均值=-0.00697 t_HAC=-1.19166

2026-10-01 23:59:59.001000 - INFO  - raw 20日 2025 value_ic | 有效=12/12 均值=+0.01322 t_HAC=+0.40094

2026-10-01 23:59:59.001000 - INFO  - raw 20日 2025 improvement_ic | 有效=12/12 均值=+0.01144 t_HAC=+1.90086

2026-10-01 23:59:59.001000 - INFO  - raw 20日 2025 additive_ic | 有效=12/12 均值=+0.01605 t_HAC=+0.70062

2026-10-01 23:59:59.001000 - INFO  - raw 20日 2025 product_ic | 有效=12/12 均值=+0.00474 t_HAC=+0.99297

2026-10-01 23:59:59.001000 - INFO  - raw 20日 2026 interaction | 有效=0/8 均值=NA t_HAC=NA

2026-10-01 23:59:59.001000 - INFO  - raw 20日 2026 regression_interaction | 有效=8/8 均值=-0.01471 t_HAC=-1.19103

2026-10-01 23:59:59.001000 - INFO  - raw 20日 2026 value_ic | 有效=8/8 均值=+0.07525 t_HAC=+2.04889

2026-10-01 23:59:59.001000 - INFO  - raw 20日 2026 improvement_ic | 有效=8/8 均值=+0.00743 t_HAC=+1.13083

2026-10-01 23:59:59.001000 - INFO  - raw 20日 2026 additive_ic | 有效=8/8 均值=+0.05850 t_HAC=+2.27985

2026-10-01 23:59:59.001000 - INFO  - raw 20日 2026 product_ic | 有效=8/8 均值=-0.01595 t_HAC=-1.79166

2026-10-01 23:59:59.001000 - INFO  -   四格共同有效=6/130；A/B/C/D均值={'A': -0.007947719824112116, 'B': -0.004061951835647452, 'C': -0.0035268219516398115, 'D': -0.00040407628798294973}；平均配对覆盖=99.3%

2026-10-01 23:59:59.001000 - INFO  - raw 60日 all interaction | 有效=5/128 均值=+0.00963 t_HAC=NA

2026-10-01 23:59:59.001000 - INFO  - raw 60日 all regression_interaction | 有效=128/128 均值=+0.00751 t_HAC=+1.22151

2026-10-01 23:59:59.001000 - INFO  - raw 60日 all value_ic | 有效=128/128 均值=+0.06455 t_HAC=+2.99174

2026-10-01 23:59:59.001000 - INFO  - raw 60日 all improvement_ic | 有效=128/128 均值=+0.01758 t_HAC=+3.38575

2026-10-01 23:59:59.001000 - INFO  - raw 60日 all additive_ic | 有效=128/128 均值=+0.05929 t_HAC=+3.55182

2026-10-01 23:59:59.001000 - INFO  - raw 60日 all product_ic | 有效=128/128 均值=+0.00472 t_HAC=+1.27020

2026-10-01 23:59:59.001000 - INFO  - raw 60日 2016 interaction | 有效=0/13 均值=NA t_HAC=NA

2026-10-01 23:59:59.001000 - INFO  - raw 60日 2016 regression_interaction | 有效=13/13 均值=+0.01516 t_HAC=+1.05089

2026-10-01 23:59:59.001000 - INFO  - raw 60日 2016 value_ic | 有效=13/13 均值=+0.09325 t_HAC=+1.85986

2026-10-01 23:59:59.001000 - INFO  - raw 60日 2016 improvement_ic | 有效=13/13 均值=+0.01669 t_HAC=+2.65304

2026-10-01 23:59:59.001000 - INFO  - raw 60日 2016 additive_ic | 有效=13/13 均值=+0.08198 t_HAC=+2.37187

2026-10-01 23:59:59.001000 - INFO  - raw 60日 2016 product_ic | 有效=13/13 均值=+0.01086 t_HAC=+0.91688

2026-10-01 23:59:59.001000 - INFO  - raw 60日 2017 interaction | 有效=0/12 均值=NA t_HAC=NA

2026-10-01 23:59:59.001000 - INFO  - raw 60日 2017 regression_interaction | 有效=12/12 均值=-0.02004 t_HAC=-1.28626

2026-10-01 23:59:59.001000 - INFO  - raw 60日 2017 value_ic | 有效=12/12 均值=+0.24501 t_HAC=+4.13073

2026-10-01 23:59:59.001000 - INFO  - raw 60日 2017 improvement_ic | 有效=12/12 均值=+0.02810 t_HAC=+1.90156

2026-10-01 23:59:59.001000 - INFO  - raw 60日 2017 additive_ic | 有效=12/12 均值=+0.19543 t_HAC=+4.67936

2026-10-01 23:59:59.001000 - INFO  - raw 60日 2017 product_ic | 有效=12/12 均值=-0.01342 t_HAC=-1.10695

2026-10-01 23:59:59.001000 - INFO  - raw 60日 2018 interaction | 有效=0/12 均值=NA t_HAC=NA

2026-10-01 23:59:59.001000 - INFO  - raw 60日 2018 regression_interaction | 有效=12/12 均值=+0.01141 t_HAC=+0.80711

2026-10-01 23:59:59.001000 - INFO  - raw 60日 2018 value_ic | 有效=12/12 均值=+0.00938 t_HAC=+0.22538

2026-10-01 23:59:59.001000 - INFO  - raw 60日 2018 improvement_ic | 有效=12/12 均值=+0.01647 t_HAC=+1.51360

2026-10-01 23:59:59.001000 - INFO  - raw 60日 2018 additive_ic | 有效=12/12 均值=+0.01860 t_HAC=+0.61858

2026-10-01 23:59:59.001000 - INFO  - raw 60日 2018 product_ic | 有效=12/12 均值=+0.00351 t_HAC=+0.66163

2026-10-01 23:59:59.001000 - INFO  - raw 60日 2019 interaction | 有效=1/12 均值=+0.00735 t_HAC=NA

2026-10-01 23:59:59.001000 - INFO  - raw 60日 2019 regression_interaction | 有效=12/12 均值=+0.01268 t_HAC=+1.97908

2026-10-01 23:59:59.001000 - INFO  - raw 60日 2019 value_ic | 有效=12/12 均值=+0.00684 t_HAC=+0.39976

2026-10-01 23:59:59.001000 - INFO  - raw 60日 2019 improvement_ic | 有效=12/12 均值=+0.02268 t_HAC=+2.06050

2026-10-01 23:59:59.001000 - INFO  - raw 60日 2019 additive_ic | 有效=12/12 均值=+0.01939 t_HAC=+1.51045

2026-10-01 23:59:59.001000 - INFO  - raw 60日 2019 product_ic | 有效=12/12 均值=+0.00998 t_HAC=+4.35922

2026-10-01 23:59:59.001000 - INFO  - raw 60日 2020 interaction | 有效=0/12 均值=NA t_HAC=NA

2026-10-01 23:59:59.001000 - INFO  - raw 60日 2020 regression_interaction | 有效=12/12 均值=+0.04211 t_HAC=+1.51373

2026-10-01 23:59:59.001000 - INFO  - raw 60日 2020 value_ic | 有效=12/12 均值=+0.07503 t_HAC=+1.78312

2026-10-01 23:59:59.001000 - INFO  - raw 60日 2020 improvement_ic | 有效=12/12 均值=-0.00792 t_HAC=-0.85668

2026-10-01 23:59:59.001000 - INFO  - raw 60日 2020 additive_ic | 有效=12/12 均值=+0.04692 t_HAC=+1.50188

2026-10-01 23:59:59.001000 - INFO  - raw 60日 2020 product_ic | 有效=12/12 均值=+0.00570 t_HAC=+0.32153

2026-10-01 23:59:59.001000 - INFO  - raw 60日 2021 interaction | 有效=0/13 均值=NA t_HAC=NA

2026-10-01 23:59:59.001000 - INFO  - raw 60日 2021 regression_interaction | 有效=13/13 均值=-0.02859 t_HAC=-1.57282

2026-10-01 23:59:59.001000 - INFO  - raw 60日 2021 value_ic | 有效=13/13 均值=+0.04264 t_HAC=+0.74148

2026-10-01 23:59:59.001000 - INFO  - raw 60日 2021 improvement_ic | 有效=13/13 均值=+0.02028 t_HAC=+0.72386

2026-10-01 23:59:59.001000 - INFO  - raw 60日 2021 additive_ic | 有效=13/13 均值=+0.04906 t_HAC=+1.27769

2026-10-01 23:59:59.001000 - INFO  - raw 60日 2021 product_ic | 有效=13/13 均值=-0.00283 t_HAC=-0.36699

2026-10-01 23:59:59.001000 - INFO  - raw 60日 2022 interaction | 有效=3/12 均值=+0.01415 t_HAC=NA

2026-10-01 23:59:59.001000 - INFO  - raw 60日 2022 regression_interaction | 有效=12/12 均值=+0.01708 t_HAC=+1.61037

2026-10-01 23:59:59.001000 - INFO  - raw 60日 2022 value_ic | 有效=12/12 均值=-0.00939 t_HAC=-0.30143

2026-10-01 23:59:59.001000 - INFO  - raw 60日 2022 improvement_ic | 有效=12/12 均值=+0.02083 t_HAC=+1.31737

2026-10-01 23:59:59.001000 - INFO  - raw 60日 2022 additive_ic | 有效=12/12 均值=+0.01044 t_HAC=+0.36697

2026-10-01 23:59:59.001000 - INFO  - raw 60日 2022 product_ic | 有效=12/12 均值=+0.01558 t_HAC=+1.93027

2026-10-01 23:59:59.001000 - INFO  - raw 60日 2023 interaction | 有效=1/12 均值=-0.00165 t_HAC=NA

2026-10-01 23:59:59.001000 - INFO  - raw 60日 2023 regression_interaction | 有效=12/12 均值=+0.01027 t_HAC=+0.84240

2026-10-01 23:59:59.001000 - INFO  - raw 60日 2023 value_ic | 有效=12/12 均值=+0.11059 t_HAC=+1.58081

2026-10-01 23:59:59.001000 - INFO  - raw 60日 2023 improvement_ic | 有效=12/12 均值=+0.04003 t_HAC=+2.26917

2026-10-01 23:59:59.001000 - INFO  - raw 60日 2023 additive_ic | 有效=12/12 均值=+0.11125 t_HAC=+2.18073

2026-10-01 23:59:59.001000 - INFO  - raw 60日 2023 product_ic | 有效=12/12 均值=+0.02676 t_HAC=+2.42775

2026-10-01 23:59:59.001000 - INFO  - raw 60日 2024 interaction | 有效=0/12 均值=NA t_HAC=NA

2026-10-01 23:59:59.001000 - INFO  - raw 60日 2024 regression_interaction | 有效=12/12 均值=+0.04271 t_HAC=+4.71536

2026-10-01 23:59:59.001000 - INFO  - raw 60日 2024 value_ic | 有效=12/12 均值=-0.00465 t_HAC=-0.04670

2026-10-01 23:59:59.001000 - INFO  - raw 60日 2024 improvement_ic | 有效=12/12 均值=+0.00423 t_HAC=+0.17063

2026-10-01 23:59:59.001000 - INFO  - raw 60日 2024 additive_ic | 有效=12/12 均值=-0.00161 t_HAC=-0.01818

2026-10-01 23:59:59.001000 - INFO  - raw 60日 2024 product_ic | 有效=12/12 均值=+0.00646 t_HAC=+1.02479

2026-10-01 23:59:59.001000 - INFO  - raw 60日 2025 interaction | 有效=0/12 均值=NA t_HAC=NA

2026-10-01 23:59:59.001000 - INFO  - raw 60日 2025 regression_interaction | 有效=12/12 均值=-0.00025 t_HAC=-0.03309

2026-10-01 23:59:59.001000 - INFO  - raw 60日 2025 value_ic | 有效=12/12 均值=+0.00820 t_HAC=+0.32350

2026-10-01 23:59:59.001000 - INFO  - raw 60日 2025 improvement_ic | 有效=12/12 均值=+0.01584 t_HAC=+2.29935

2026-10-01 23:59:59.001000 - INFO  - raw 60日 2025 additive_ic | 有效=12/12 均值=+0.01519 t_HAC=+0.88819

2026-10-01 23:59:59.001000 - INFO  - raw 60日 2025 product_ic | 有效=12/12 均值=-0.00290 t_HAC=-0.61386

2026-10-01 23:59:59.001000 - INFO  - raw 60日 2026 interaction | 有效=0/6 均值=NA t_HAC=NA

2026-10-01 23:59:59.001000 - INFO  - raw 60日 2026 regression_interaction | 有效=6/6 均值=-0.04262 t_HAC=-2.49161

2026-10-01 23:59:59.001000 - INFO  - raw 60日 2026 value_ic | 有效=6/6 均值=+0.20060 t_HAC=+2.30698

2026-10-01 23:59:59.001000 - INFO  - raw 60日 2026 improvement_ic | 有效=6/6 均值=+0.01439 t_HAC=+1.66188

2026-10-01 23:59:59.001000 - INFO  - raw 60日 2026 additive_ic | 有效=6/6 均值=+0.14973 t_HAC=+2.53664

2026-10-01 23:59:59.001000 - INFO  - raw 60日 2026 product_ic | 有效=6/6 均值=-0.02007 t_HAC=-1.23087

2026-10-01 23:59:59.001000 - INFO  -   四格共同有效=5/128；A/B/C/D均值={'A': 0.01902120000545533, 'B': 0.03319626787707641, 'C': 0.015801869434384774, 'D': 0.02034672882681157}；平均配对覆盖=98.9%

2026-10-01 23:59:59.001000 - INFO  - raw 120日 all interaction | 有效=5/125 均值=-0.01099 t_HAC=NA

2026-10-01 23:59:59.001000 - INFO  - raw 120日 all regression_interaction | 有效=125/125 均值=+0.01812 t_HAC=+1.52542

2026-10-01 23:59:59.001000 - INFO  - raw 120日 all value_ic | 有效=125/125 均值=+0.06796 t_HAC=+2.38369

2026-10-01 23:59:59.001000 - INFO  - raw 120日 all improvement_ic | 有效=125/125 均值=+0.02879 t_HAC=+6.41066

2026-10-01 23:59:59.001000 - INFO  - raw 120日 all additive_ic | 有效=125/125 均值=+0.07070 t_HAC=+3.23782

2026-10-01 23:59:59.001000 - INFO  - raw 120日 all product_ic | 有效=125/125 均值=+0.00623 t_HAC=+1.57583

2026-10-01 23:59:59.001000 - INFO  - raw 120日 2016 interaction | 有效=0/13 均值=NA t_HAC=NA

2026-10-01 23:59:59.001000 - INFO  - raw 120日 2016 regression_interaction | 有效=13/13 均值=+0.03359 t_HAC=+0.99829

2026-10-01 23:59:59.001000 - INFO  - raw 120日 2016 value_ic | 有效=13/13 均值=+0.17556 t_HAC=+2.88670

2026-10-01 23:59:59.001000 - INFO  - raw 120日 2016 improvement_ic | 有效=13/13 均值=+0.01696 t_HAC=+2.92027

2026-10-01 23:59:59.001000 - INFO  - raw 120日 2016 additive_ic | 有效=13/13 均值=+0.14423 t_HAC=+3.52510

2026-10-01 23:59:59.001000 - INFO  - raw 120日 2016 product_ic | 有效=13/13 均值=+0.01781 t_HAC=+1.24884

2026-10-01 23:59:59.001000 - INFO  - raw 120日 2017 interaction | 有效=0/12 均值=NA t_HAC=NA

2026-10-01 23:59:59.001000 - INFO  - raw 120日 2017 regression_interaction | 有效=12/12 均值=+0.00471 t_HAC=+0.31750

2026-10-01 23:59:59.001000 - INFO  - raw 120日 2017 value_ic | 有效=12/12 均值=+0.26624 t_HAC=+12.65599

2026-10-01 23:59:59.001000 - INFO  - raw 120日 2017 improvement_ic | 有效=12/12 均值=+0.04059 t_HAC=+5.00267

2026-10-01 23:59:59.001000 - INFO  - raw 120日 2017 additive_ic | 有效=12/12 均值=+0.22064 t_HAC=+12.23894

2026-10-01 23:59:59.001000 - INFO  - raw 120日 2017 product_ic | 有效=12/12 均值=-0.00809 t_HAC=-1.18218

2026-10-01 23:59:59.001000 - INFO  - raw 120日 2018 interaction | 有效=0/12 均值=NA t_HAC=NA

2026-10-01 23:59:59.001000 - INFO  - raw 120日 2018 regression_interaction | 有效=12/12 均值=+0.03750 t_HAC=+2.05016

2026-10-01 23:59:59.001000 - INFO  - raw 120日 2018 value_ic | 有效=12/12 均值=+0.00654 t_HAC=+0.15664

2026-10-01 23:59:59.001000 - INFO  - raw 120日 2018 improvement_ic | 有效=12/12 均值=+0.01957 t_HAC=+1.82506

2026-10-01 23:59:59.001000 - INFO  - raw 120日 2018 additive_ic | 有效=12/12 均值=+0.01958 t_HAC=+0.65952

2026-10-01 23:59:59.001000 - INFO  - raw 120日 2018 product_ic | 有效=12/12 均值=+0.00610 t_HAC=+1.48848

2026-10-01 23:59:59.001000 - INFO  - raw 120日 2019 interaction | 有效=0/12 均值=NA t_HAC=NA

2026-10-01 23:59:59.001000 - INFO  - raw 120日 2019 regression_interaction | 有效=12/12 均值=-0.00391 t_HAC=-0.23619

2026-10-01 23:59:59.001000 - INFO  - raw 120日 2019 value_ic | 有效=12/12 均值=-0.02449 t_HAC=-1.12130

2026-10-01 23:59:59.001000 - INFO  - raw 120日 2019 improvement_ic | 有效=12/12 均值=+0.02985 t_HAC=+2.04236

2026-10-01 23:59:59.001000 - INFO  - raw 120日 2019 additive_ic | 有效=12/12 均值=+0.00058 t_HAC=+0.02901

2026-10-01 23:59:59.001000 - INFO  - raw 120日 2019 product_ic | 有效=12/12 均值=+0.00503 t_HAC=+0.62309

2026-10-01 23:59:59.001000 - INFO  - raw 120日 2020 interaction | 有效=1/12 均值=+0.02179 t_HAC=NA

2026-10-01 23:59:59.001000 - INFO  - raw 120日 2020 regression_interaction | 有效=12/12 均值=+0.09798 t_HAC=+2.76552

2026-10-01 23:59:59.001000 - INFO  - raw 120日 2020 value_ic | 有效=12/12 均值=+0.10527 t_HAC=+2.13495

2026-10-01 23:59:59.001000 - INFO  - raw 120日 2020 improvement_ic | 有效=12/12 均值=+0.01447 t_HAC=+2.36521

2026-10-01 23:59:59.001000 - INFO  - raw 120日 2020 additive_ic | 有效=12/12 均值=+0.08469 t_HAC=+2.18976

2026-10-01 23:59:59.001000 - INFO  - raw 120日 2020 product_ic | 有效=12/12 均值=+0.02037 t_HAC=+1.39731

2026-10-01 23:59:59.001000 - INFO  - raw 120日 2021 interaction | 有效=0/13 均值=NA t_HAC=NA

2026-10-01 23:59:59.001000 - INFO  - raw 120日 2021 regression_interaction | 有效=13/13 均值=-0.03420 t_HAC=-0.69193

2026-10-01 23:59:59.001000 - INFO  - raw 120日 2021 value_ic | 有效=13/13 均值=+0.03872 t_HAC=+0.62032

2026-10-01 23:59:59.001000 - INFO  - raw 120日 2021 improvement_ic | 有效=13/13 均值=+0.04293 t_HAC=+4.56426

2026-10-01 23:59:59.001000 - INFO  - raw 120日 2021 additive_ic | 有效=13/13 均值=+0.05985 t_HAC=+1.55569

2026-10-01 23:59:59.001000 - INFO  - raw 120日 2021 product_ic | 有效=13/13 均值=-0.00282 t_HAC=-0.46040

2026-10-01 23:59:59.001000 - INFO  - raw 120日 2022 interaction | 有效=2/12 均值=-0.01439 t_HAC=NA

2026-10-01 23:59:59.001000 - INFO  - raw 120日 2022 regression_interaction | 有效=12/12 均值=+0.02493 t_HAC=+1.05378

2026-10-01 23:59:59.001000 - INFO  - raw 120日 2022 value_ic | 有效=12/12 均值=-0.03094 t_HAC=-0.61582

2026-10-01 23:59:59.001000 - INFO  - raw 120日 2022 improvement_ic | 有效=12/12 均值=+0.03658 t_HAC=+2.24711

2026-10-01 23:59:59.001000 - INFO  - raw 120日 2022 additive_ic | 有效=12/12 均值=+0.01007 t_HAC=+0.24036

2026-10-01 23:59:59.001000 - INFO  - raw 120日 2022 product_ic | 有效=12/12 均值=+0.02274 t_HAC=+2.73840

2026-10-01 23:59:59.001000 - INFO  - raw 120日 2023 interaction | 有效=1/12 均值=-0.01362 t_HAC=NA

2026-10-01 23:59:59.001000 - INFO  - raw 120日 2023 regression_interaction | 有效=12/12 均值=+0.02246 t_HAC=+2.15564

2026-10-01 23:59:59.001000 - INFO  - raw 120日 2023 value_ic | 有效=12/12 均值=+0.17683 t_HAC=+2.21805

2026-10-01 23:59:59.001000 - INFO  - raw 120日 2023 improvement_ic | 有效=12/12 均值=+0.04718 t_HAC=+3.40406

2026-10-01 23:59:59.001000 - INFO  - raw 120日 2023 additive_ic | 有效=12/12 均值=+0.16873 t_HAC=+2.75575

2026-10-01 23:59:59.001000 - INFO  - raw 120日 2023 product_ic | 有效=12/12 均值=+0.02232 t_HAC=+3.71350

2026-10-01 23:59:59.001000 - INFO  - raw 120日 2024 interaction | 有效=0/12 均值=NA t_HAC=NA

2026-10-01 23:59:59.001000 - INFO  - raw 120日 2024 regression_interaction | 有效=12/12 均值=+0.04807 t_HAC=+6.21345

2026-10-01 23:59:59.001000 - INFO  - raw 120日 2024 value_ic | 有效=12/12 均值=-0.06948 t_HAC=-0.84057

2026-10-01 23:59:59.001000 - INFO  - raw 120日 2024 improvement_ic | 有效=12/12 均值=+0.01698 t_HAC=+0.95136

2026-10-01 23:59:59.001000 - INFO  - raw 120日 2024 additive_ic | 有效=12/12 均值=-0.03882 t_HAC=-0.54956

2026-10-01 23:59:59.001000 - INFO  - raw 120日 2024 product_ic | 有效=12/12 均值=+0.00032 t_HAC=+0.18829

2026-10-01 23:59:59.001000 - INFO  - raw 120日 2025 interaction | 有效=0/12 均值=NA t_HAC=NA

2026-10-01 23:59:59.001000 - INFO  - raw 120日 2025 regression_interaction | 有效=12/12 均值=-0.03020 t_HAC=-1.20274

2026-10-01 23:59:59.001000 - INFO  - raw 120日 2025 value_ic | 有效=12/12 均值=-0.01167 t_HAC=-0.58694

2026-10-01 23:59:59.001000 - INFO  - raw 120日 2025 improvement_ic | 有效=12/12 均值=+0.02427 t_HAC=+5.02929

2026-10-01 23:59:59.001000 - INFO  - raw 120日 2025 additive_ic | 有效=12/12 均值=+0.00586 t_HAC=+0.52271

2026-10-01 23:59:59.001000 - INFO  - raw 120日 2025 product_ic | 有效=12/12 均值=-0.01548 t_HAC=-2.29026

2026-10-01 23:59:59.001000 - INFO  - raw 120日 2026 interaction | 有效=1/3 均值=-0.03435 t_HAC=NA

2026-10-01 23:59:59.001000 - INFO  - raw 120日 2026 regression_interaction | 有效=3/3 均值=-0.04856 t_HAC=-3.93321

2026-10-01 23:59:59.001000 - INFO  - raw 120日 2026 value_ic | 有效=3/3 均值=+0.22988 t_HAC=+5.35551

2026-10-01 23:59:59.001000 - INFO  - raw 120日 2026 improvement_ic | 有效=3/3 均值=+0.02231 t_HAC=+176.33411

2026-10-01 23:59:59.001000 - INFO  - raw 120日 2026 additive_ic | 有效=3/3 均值=+0.17605 t_HAC=+5.92985

2026-10-01 23:59:59.001000 - INFO  - raw 120日 2026 product_ic | 有效=3/3 均值=-0.01867 t_HAC=-3.21502

2026-10-01 23:59:59.001000 - INFO  -   四格共同有效=5/125；A/B/C/D均值={'A': 0.03878693644124112, 'B': 0.041318954272978034, 'C': -0.0009232388146419024, 'D': 0.012598705041190261}；平均配对覆盖=98.6%

2026-10-01 23:59:59.001000 - INFO  - [导出完成] 5张CSV+metadata.json；文件在聚宽投资研究根目录，前缀expectations_v1_。未完成窗口=10，未生效信号=0。

2026-10-01 23:59:59.001000 - INFO  - 四格：(B-A)-(D-C)，A低估值弱改善/B低估值强改善/C高估值弱改善/D高估值强改善。历史区间已经观察过；正交互差不是已验证的可交易alpha。