2026-09-01 23:59:59.001000 - INFO  - ================ 华夏新上市ETF v1 汇总 ================

2026-09-01 23:59:59.001000 - INFO  - 窗口=2019-01-01~2026-09-01 | 参数：延迟5/尝试5日、每只10%、最多10只、止损8%、回撤20%、上限378日

2026-09-01 23:59:59.001000 - INFO  - 事件=115 | 状态={'closed': 85, 'missed': 19, 'holding': 8, 'waiting': 3} | 起点前旧产品=12 | 非股票产品=7

2026-09-01 23:59:59.001000 - INFO  - 组合收益=+19.99% | 收盘最大回撤=32.14%；含期末浮盈，不等于逐笔平仓收益

2026-09-01 23:59:59.001000 - INFO  - 平仓=85 | 胜率=27.1% | 平均盈利/平均亏损=3.26 | 最长连续亏损=20

2026-09-01 23:59:59.001000 - INFO  - 平仓成交现金盈亏=+12902.86 | 最大3笔盈利占全部正盈亏=41.0%；不含持有期现金分红

2026-09-01 23:59:59.001000 - INFO  - 阻碍次数={'成交额不足': 5, '买入未成交': 1, '仓位名额不足': 100, '卖出未成交': 4} | 数据异常次数={}

2026-09-01 23:59:59.001000 - INFO  - 以下逐笔现金收益含买卖费，不含现金分红；期末未平仓单独列示。

2026-09-01 23:59:59.001000 - INFO  - 512950.XSHG 华夏中证央企ETF | 上市=2019-01-18 | closed | 入场=2019-01-25 | 退出=2020-02-04 | 盈亏=-684.10 | 收益=-6.86% | 原因=高点回撤

2026-09-01 23:59:59.001000 - INFO  - 159962.XSHE 华夏中证四川国改ETF | 上市=2019-04-18 | missed | 入场=None | 退出=None | 盈亏=NA | 收益=NA | 原因=成交额不足

2026-09-01 23:59:59.001000 - INFO  - 513520.XSHG 华夏野村日经225ETF | 上市=2019-06-25 | closed | 入场=2019-07-02 | 退出=2020-03-13 | 盈亏=-910.00 | 收益=-9.04% | 原因=固定止损

2026-09-01 23:59:59.001000 - INFO  - 159966.XSHE 华夏创业板低波价值ETF | 上市=2019-07-15 | closed | 入场=2019-07-22 | 退出=2020-03-24 | 盈亏=+2259.80 | 收益=+22.59% | 原因=高点回撤

2026-09-01 23:59:59.001000 - INFO  - 159967.XSHE 华夏创成长ETF | 上市=2019-07-15 | closed | 入场=2019-07-22 | 退出=2021-02-05 | 盈亏=+15872.49 | 收益=+159.21% | 原因=持有到期

2026-09-01 23:59:59.001000 - INFO  - 515050.XSHG 华夏中证5G通信主题ETF | 上市=2019-10-16 | closed | 入场=2019-10-23 | 退出=2020-03-17 | 盈亏=+1421.00 | 收益=+13.71% | 原因=高点回撤

2026-09-01 23:59:59.001000 - INFO  - 515010.XSHG 华夏中证全指证券公司ETF | 上市=2019-11-07 | closed | 入场=2019-11-14 | 退出=2021-03-10 | 盈亏=+2420.90 | 收益=+23.41% | 原因=高点回撤

2026-09-01 23:59:59.001000 - INFO  - 515020.XSHG 华夏中证银行ETF | 上市=2019-12-03 | closed | 入场=2019-12-11 | 退出=2020-02-04 | 盈亏=-850.00 | 收益=-8.18% | 原因=固定止损

2026-09-01 23:59:59.001000 - INFO  - 515070.XSHG 华夏中证人工智能主题ETF | 上市=2019-12-24 | closed | 入场=2019-12-31 | 退出=2020-03-24 | 盈亏=+972.80 | 收益=+9.11% | 原因=高点回撤

2026-09-01 23:59:59.001000 - INFO  - 515060.XSHG 华夏中证全指房地产ETF | 上市=2020-01-03 | closed | 入场=2020-01-10 | 退出=2020-02-04 | 盈亏=-1132.00 | 收益=-10.28% | 原因=固定止损

2026-09-01 23:59:59.001000 - INFO  - 159995.XSHE 华夏国证半导体芯片ETF | 上市=2020-02-10 | closed | 入场=2020-02-17 | 退出=2020-03-05 | 盈亏=+138.50 | 收益=+1.25% | 原因=高点回撤

2026-09-01 23:59:59.001000 - INFO  - 515030.XSHG 华夏中证新能源汽车ETF | 上市=2020-03-04 | closed | 入场=2020-03-11 | 退出=2020-03-17 | 盈亏=-1414.20 | 收益=-12.57% | 原因=固定止损

2026-09-01 23:59:59.001000 - INFO  - 159983.XSHE 华夏粤港澳大湾区创新100ETF | 上市=2020-04-23 | closed | 入场=2020-04-30 | 退出=2021-11-22 | 盈亏=+3646.50 | 收益=+35.24% | 原因=持有到期

2026-09-01 23:59:59.001000 - INFO  - 515760.XSHG 华夏中证浙江国资创新发展ETF | 上市=2020-10-12 | closed | 入场=2020-10-19 | 退出=2022-04-26 | 盈亏=-739.60 | 收益=-6.31% | 原因=高点回撤

2026-09-01 23:59:59.001000 - INFO  - 513300.XSHG 华夏纳斯达克100ETF(QDII) | 上市=2020-11-05 | closed | 入场=2020-11-12 | 退出=2022-02-25 | 盈亏=+1230.20 | 收益=+10.55% | 原因=高点回撤

2026-09-01 23:59:59.001000 - INFO  - 588000.XSHG 华夏上证科创板50成份ETF | 上市=2020-11-16 | closed | 入场=2020-11-23 | 退出=2021-03-10 | 盈亏=-1141.60 | 收益=-9.75% | 原因=固定止损

2026-09-01 23:59:59.001000 - INFO  - 515170.XSHG 华夏中证细分食品饮料产业主题ETF | 上市=2021-01-13 | closed | 入场=2021-01-20 | 退出=2021-03-05 | 盈亏=-1215.60 | 收益=-9.64% | 原因=高点回撤

2026-09-01 23:59:59.001000 - INFO  - 513330.XSHG 华夏恒生互联网科技业ETF(QDII) | 上市=2021-02-08 | closed | 入场=2021-02-22 | 退出=2021-02-25 | 盈亏=-1282.00 | 收益=-9.89% | 原因=固定止损

2026-09-01 23:59:59.001000 - INFO  - 159850.XSHE 华夏恒生中国企业ETF(QDII) | 上市=2021-02-19 | closed | 入场=2021-02-26 | 退出=2021-05-12 | 盈亏=-980.20 | 收益=-7.99% | 原因=固定止损

2026-09-01 23:59:59.001000 - INFO  - 516000.XSHG 华夏中证大数据产业ETF | 上市=2021-03-01 | closed | 入场=2021-03-08 | 退出=2022-03-15 | 盈亏=-1162.00 | 收益=-9.52% | 原因=固定止损

2026-09-01 23:59:59.001000 - INFO  - 159869.XSHE 华夏中证动漫游戏ETF | 上市=2021-03-05 | closed | 入场=2021-03-12 | 退出=2021-07-27 | 盈亏=-1377.30 | 收益=-11.50% | 原因=固定止损

2026-09-01 23:59:59.001000 - INFO  - 516500.XSHG 华夏中证生物科技主题ETF | 上市=2021-03-17 | closed | 入场=2021-03-24 | 退出=2021-09-03 | 盈亏=+680.20 | 收益=+5.76% | 原因=高点回撤

2026-09-01 23:59:59.001000 - INFO  - 516850.XSHG 华夏中证新能源ETF | 上市=2021-03-19 | closed | 入场=2021-03-26 | 退出=2022-02-09 | 盈亏=+5452.50 | 收益=+46.09% | 原因=高点回撤

2026-09-01 23:59:59.001000 - INFO  - 159845.XSHE 华夏中证1000ETF | 上市=2021-03-31 | closed | 入场=2021-04-08 | 退出=2022-04-12 | 盈亏=+366.00 | 收益=+3.02% | 原因=高点回撤

2026-09-01 23:59:59.001000 - INFO  - 517170.XSHG 华夏中证沪港深500ETF | 上市=2021-04-20 | closed | 入场=2021-04-27 | 退出=2021-07-29 | 盈亏=-673.00 | 收益=-7.92% | 原因=固定止损

2026-09-01 23:59:59.001000 - INFO  - 159888.XSHE 华夏中证智能汽车主题ETF | 上市=2021-05-21 | closed | 入场=2021-05-28 | 退出=2022-03-08 | 盈亏=+251.60 | 收益=+2.23% | 原因=高点回撤

2026-09-01 23:59:59.001000 - INFO  - 513180.XSHG 华夏恒生科技ETF(QDII) | 上市=2021-05-25 | missed | 入场=None | 退出=None | 盈亏=NA | 收益=NA | 原因=仓位名额不足

2026-09-01 23:59:59.001000 - INFO  - 516320.XSHG 华夏中证装备产业ETF | 上市=2021-06-08 | missed | 入场=None | 退出=None | 盈亏=NA | 收益=NA | 原因=仓位名额不足

2026-09-01 23:59:59.001000 - INFO  - 516650.XSHG 华夏中证细分有色金属产业主题ETF | 上市=2021-06-21 | missed | 入场=None | 退出=None | 盈亏=NA | 收益=NA | 原因=仓位名额不足

2026-09-01 23:59:59.001000 - INFO  - 159783.XSHE 华夏中证科创创业50ETF | 上市=2021-07-05 | missed | 入场=None | 退出=None | 盈亏=NA | 收益=NA | 原因=仓位名额不足

2026-09-01 23:59:59.001000 - INFO  - 516100.XSHG 华夏中证金融科技主题ETF | 上市=2021-07-23 | closed | 入场=2021-07-30 | 退出=2022-04-12 | 盈亏=-1104.40 | 收益=-8.40% | 原因=固定止损

2026-09-01 23:59:59.001000 - INFO  - 516260.XSHG 华夏中证物联网主题ETF | 上市=2021-08-02 | closed | 入场=2021-08-09 | 退出=2021-09-03 | 盈亏=-453.70 | 收益=-8.70% | 原因=固定止损

2026-09-01 23:59:59.001000 - INFO  - 159790.XSHE 华夏中证内地低碳经济主题ETF | 上市=2021-08-06 | missed | 入场=None | 退出=None | 盈亏=NA | 收益=NA | 原因=仓位名额不足

2026-09-01 23:59:59.001000 - INFO  - 516710.XSHG 华夏中证新材料主题ETF | 上市=2021-08-17 | missed | 入场=None | 退出=None | 盈亏=NA | 收益=NA | 原因=仓位名额不足

2026-09-01 23:59:59.001000 - INFO  - 159732.XSHE 华夏国证消费电子主题ETF | 上市=2021-08-23 | closed | 入场=2021-09-03 | 退出=2022-03-07 | 盈亏=-1172.00 | 收益=-8.79% | 原因=固定止损

2026-09-01 23:59:59.001000 - INFO  - 516630.XSHG 华夏中证云计算与大数据主题ETF | 上市=2021-09-03 | closed | 入场=2021-09-10 | 退出=2022-02-14 | 盈亏=-357.10 | 收益=-9.06% | 原因=固定止损

2026-09-01 23:59:59.001000 - INFO  - 516190.XSHG 华夏中证文娱传媒ETF | 上市=2021-09-17 | missed | 入场=None | 退出=None | 盈亏=NA | 收益=NA | 原因=仓位名额不足

2026-09-01 23:59:59.001000 - INFO  - 159892.XSHE 华夏恒生生物科技ETF(QDII) | 上市=2021-10-19 | missed | 入场=None | 退出=None | 盈亏=NA | 收益=NA | 原因=仓位名额不足

2026-09-01 23:59:59.001000 - INFO  - 159601.XSHE 华夏MSCI中国A50互联互通ETF | 上市=2021-11-08 | missed | 入场=None | 退出=None | 盈亏=NA | 收益=NA | 原因=仓位名额不足

2026-09-01 23:59:59.001000 - INFO  - 159726.XSHE 华夏恒生港股通中国内地企业红利ETF | 上市=2021-11-23 | closed | 入场=2021-11-30 | 退出=2022-03-16 | 盈亏=-1668.80 | 收益=-11.95% | 原因=固定止损

2026-09-01 23:59:59.001000 - INFO  - 159731.XSHE 华夏中证石化产业ETF | 上市=2021-12-10 | missed | 入场=None | 退出=None | 盈亏=NA | 收益=NA | 原因=仓位名额不足

2026-09-01 23:59:59.001000 - INFO  - 159711.XSHE 华夏中证港股通50ETF | 上市=2021-12-28 | missed | 入场=None | 退出=None | 盈亏=NA | 收益=NA | 原因=仓位名额不足

2026-09-01 23:59:59.001000 - INFO  - 159758.XSHE 华夏中证红利质量ETF | 上市=2021-12-28 | missed | 入场=None | 退出=None | 盈亏=NA | 收益=NA | 原因=仓位名额不足

2026-09-01 23:59:59.001000 - INFO  - 562500.XSHG 华夏中证机器人ETF | 上市=2021-12-29 | missed | 入场=None | 退出=None | 盈亏=NA | 收益=NA | 原因=仓位名额不足

2026-09-01 23:59:59.001000 - INFO  - 562510.XSHG 华夏中证旅游主题ETF | 上市=2021-12-30 | missed | 入场=None | 退出=None | 盈亏=NA | 收益=NA | 原因=仓位名额不足

2026-09-01 23:59:59.001000 - INFO  - 516810.XSHG 华夏中证农业主题ETF | 上市=2022-01-11 | missed | 入场=None | 退出=None | 盈亏=NA | 收益=NA | 原因=仓位名额不足

2026-09-01 23:59:59.001000 - INFO  - 513230.XSHG 华夏中证港股通消费主题ETF | 上市=2022-01-24 | closed | 入场=2022-02-09 | 退出=2022-02-25 | 盈亏=-1054.90 | 收益=-8.22% | 原因=固定止损

2026-09-01 23:59:59.001000 - INFO  - 159791.XSHE 华夏沪深300ESG基准ETF | 上市=2022-03-08 | closed | 入场=2022-03-15 | 退出=2022-10-11 | 盈亏=-1169.20 | 收益=-9.83% | 原因=固定止损

2026-09-01 23:59:59.001000 - INFO  - 562520.XSHG 华夏中证智选1000成长创新策略ETF | 上市=2022-03-22 | closed | 入场=2022-03-29 | 退出=2022-04-22 | 盈亏=-1195.80 | 收益=-10.16% | 原因=固定止损

2026-09-01 23:59:59.001000 - INFO  - 159617.XSHE 华夏中证智选500价值稳健策略ETF | 上市=2022-06-30 | closed | 入场=2022-07-07 | 退出=2022-09-27 | 盈亏=-938.00 | 收益=-8.21% | 原因=固定止损

2026-09-01 23:59:59.001000 - INFO  - 159635.XSHE 华夏中证基建ETF | 上市=2022-07-12 | closed | 入场=2022-07-19 | 退出=2022-09-20 | 盈亏=-887.80 | 收益=-7.80% | 原因=固定止损

2026-09-01 23:59:59.001000 - INFO  - 159620.XSHE 华夏中证智选500成长创新策略ETF | 上市=2022-08-05 | closed | 入场=2022-08-12 | 退出=2022-09-19 | 盈亏=-1176.00 | 收益=-10.34% | 原因=固定止损

2026-09-01 23:59:59.001000 - INFO  - 562530.XSHG 华夏中证智选1000价值稳健策略ETF | 上市=2022-08-12 | closed | 入场=2022-08-19 | 退出=2022-09-21 | 盈亏=-906.00 | 收益=-8.01% | 原因=固定止损

2026-09-01 23:59:59.001000 - INFO  - 159655.XSHE 华夏标普500ETF(QDII) | 上市=2022-10-25 | closed | 入场=2022-11-01 | 退出=2024-05-24 | 盈亏=+4237.90 | 收益=+38.85% | 原因=持有到期

2026-09-01 23:59:59.001000 - INFO  - 159663.XSHE 华夏中证机床ETF | 上市=2022-10-26 | closed | 入场=2022-11-02 | 退出=2022-12-23 | 盈亏=-947.40 | 收益=-8.68% | 原因=固定止损

2026-09-01 23:59:59.001000 - INFO  - 159627.XSHE 华夏中证A100ETF | 上市=2022-11-30 | closed | 入场=2022-12-07 | 退出=2023-10-17 | 盈亏=-894.00 | 收益=-8.21% | 原因=固定止损

2026-09-01 23:59:59.001000 - INFO  - 159666.XSHE 华夏中证全指运输ETF | 上市=2023-02-13 | closed | 入场=2023-02-20 | 退出=2023-09-11 | 盈亏=-914.70 | 收益=-8.51% | 原因=固定止损

2026-09-01 23:59:59.001000 - INFO  - 562550.XSHG 华夏中证绿色电力ETF | 上市=2023-03-27 | closed | 入场=2023-04-03 | 退出=2024-10-28 | 盈亏=+1222.10 | 收益=+11.26% | 原因=持有到期

2026-09-01 23:59:59.001000 - INFO  - 159510.XSHE 华夏中证智选300价值稳健策略ETF | 上市=2023-08-16 | closed | 入场=2023-08-23 | 退出=2023-12-06 | 盈亏=-970.50 | 收益=-8.96% | 原因=固定止损

2026-09-01 23:59:59.001000 - INFO  - 513810.XSHG 华夏中证香港内地国有企业ETF(QDII) | 上市=2023-09-01 | closed | 入场=2023-09-08 | 退出=2024-01-18 | 盈亏=-932.20 | 收益=-8.62% | 原因=固定止损

2026-09-01 23:59:59.001000 - INFO  - 562660.XSHG 华夏中证2000ETF | 上市=2023-09-14 | closed | 入场=2023-09-21 | 退出=2024-01-24 | 盈亏=-775.90 | 收益=-7.20% | 原因=固定止损

2026-09-01 23:59:59.001000 - INFO  - 159523.XSHE 华夏中证智选300成长创新策略ETF | 上市=2023-09-19 | closed | 入场=2023-09-26 | 退出=2023-12-05 | 盈亏=-991.00 | 收益=-9.19% | 原因=固定止损

2026-09-01 23:59:59.001000 - INFO  - 513190.XSHG 华夏中证港股通内地金融ETF | 上市=2023-10-11 | closed | 入场=2023-10-18 | 退出=2023-11-30 | 盈亏=-944.50 | 收益=-8.81% | 原因=固定止损

2026-09-01 23:59:59.001000 - INFO  - 562590.XSHG 华夏中证半导体材料设备主题ETF | 上市=2023-10-18 | closed | 入场=2023-10-25 | 退出=2024-01-09 | 盈亏=-1229.00 | 收益=-11.69% | 原因=固定止损

2026-09-01 23:59:59.001000 - INFO  - 588800.XSHG 华夏上证科创板100ETF | 上市=2023-11-16 | closed | 入场=2023-11-23 | 退出=2023-12-27 | 盈亏=-947.40 | 收益=-8.93% | 原因=固定止损

2026-09-01 23:59:59.001000 - INFO  - 562600.XSHG 华夏中证全指医疗器械ETF | 上市=2023-12-11 | closed | 入场=2023-12-18 | 退出=2024-01-23 | 盈亏=-951.60 | 收益=-9.12% | 原因=固定止损

2026-09-01 23:59:59.001000 - INFO  - 159573.XSHE 华夏创业板200ETF | 上市=2023-12-25 | closed | 入场=2024-01-02 | 退出=2024-01-11 | 盈亏=-862.80 | 收益=-8.25% | 原因=固定止损

2026-09-01 23:59:59.001000 - INFO  - 159562.XSHE 华夏中证沪深港黄金产业股票ETF | 上市=2024-01-22 | closed | 入场=2024-01-29 | 退出=2024-04-11 | 盈亏=+3636.10 | 收益=+35.84% | 原因=高点回撤

2026-09-01 23:59:59.001000 - INFO  - 159547.XSHE 华夏中证红利低波动ETF | 上市=2024-02-06 | closed | 入场=2024-02-21 | 退出=2025-09-08 | 盈亏=+1745.70 | 收益=+17.28% | 原因=持有到期

2026-09-01 23:59:59.001000 - INFO  - 159563.XSHE 华夏创业板综合ETF | 上市=2024-02-23 | closed | 入场=2024-03-01 | 退出=2024-07-05 | 盈亏=-835.60 | 收益=-8.22% | 原因=固定止损

2026-09-01 23:59:59.001000 - INFO  - 513910.XSHG 华夏中证港股通央企红利ETF | 上市=2024-03-04 | closed | 入场=2024-03-11 | 退出=2025-09-25 | 盈亏=+5907.60 | 收益=+57.00% | 原因=持有到期

2026-09-01 23:59:59.001000 - INFO  - 562580.XSHG 华夏中证全指可选消费ETF | 上市=2024-03-26 | closed | 入场=2024-04-02 | 退出=2024-07-25 | 盈亏=-1070.00 | 收益=-9.91% | 原因=固定止损

2026-09-01 23:59:59.001000 - INFO  - 562560.XSHG 华夏中证全指信息技术ETF | 上市=2024-04-12 | closed | 入场=2024-04-19 | 退出=2024-09-11 | 盈亏=-899.23 | 收益=-8.50% | 原因=固定止损

2026-09-01 23:59:59.001000 - INFO  - 562570.XSHG 华夏中证信息技术应用创新产业ETF | 上市=2024-04-30 | closed | 入场=2024-05-10 | 退出=2024-06-07 | 盈亏=-969.20 | 收益=-8.96% | 原因=固定止损

2026-09-01 23:59:59.001000 - INFO  - 562700.XSHG 华夏中证汽车零部件主题ETF | 上市=2024-05-14 | closed | 入场=2024-05-21 | 退出=2024-06-25 | 盈亏=-883.60 | 收益=-8.00% | 原因=固定止损

2026-09-01 23:59:59.001000 - INFO  - 159301.XSHE 华夏中证全指公用事业ETF | 上市=2024-07-22 | closed | 入场=2024-07-29 | 退出=2024-09-06 | 盈亏=-881.50 | 收益=-8.42% | 原因=固定止损

2026-09-01 23:59:59.001000 - INFO  - 159326.XSHE 华夏中证电网设备主题ETF | 上市=2024-09-09 | closed | 入场=2024-09-18 | 退出=2026-04-15 | 盈亏=+8662.40 | 收益=+87.37% | 原因=持有到期

2026-09-01 23:59:59.001000 - INFO  - 512050.XSHG 华夏中证A500ETF | 上市=2024-11-15 | closed | 入场=2024-11-22 | 退出=2025-04-08 | 盈亏=-1165.00 | 收益=-10.90% | 原因=固定止损

2026-09-01 23:59:59.001000 - INFO  - 588820.XSHG 华夏上证科创板200ETF | 上市=2025-01-06 | closed | 入场=2025-01-13 | 退出=2025-04-09 | 盈亏=-162.60 | 收益=-1.56% | 原因=高点回撤

2026-09-01 23:59:59.001000 - INFO  - 159323.XSHE 华夏中证港股通汽车产业主题ETF | 上市=2025-01-08 | closed | 入场=2025-01-15 | 退出=2025-04-09 | 盈亏=-84.20 | 收益=-0.80% | 原因=高点回撤

2026-09-01 23:59:59.001000 - INFO  - 159367.XSHE 华夏创业板50ETF | 上市=2025-02-14 | closed | 入场=2025-02-21 | 退出=2025-04-08 | 盈亏=-1936.00 | 收益=-17.52% | 原因=固定止损

2026-09-01 23:59:59.001000 - INFO  - 589000.XSHG 华夏上证科创板综合ETF | 上市=2025-03-05 | closed | 入场=2025-03-12 | 退出=2025-04-08 | 盈亏=-1979.00 | 收益=-17.58% | 原因=固定止损

2026-09-01 23:59:59.001000 - INFO  - 159368.XSHE 华夏创业板新能源ETF | 上市=2025-03-24 | closed | 入场=2025-03-31 | 退出=2025-04-08 | 盈亏=-1908.40 | 收益=-17.46% | 原因=固定止损

2026-09-01 23:59:59.001000 - INFO  - 159381.XSHE 华夏创业板人工智能ETF | 上市=2025-03-24 | closed | 入场=2025-03-31 | 退出=2025-04-08 | 盈亏=-991.50 | 收益=-16.55% | 原因=固定止损

2026-09-01 23:59:59.001000 - INFO  - 588170.XSHG 华夏上证科创板半导体材料设备主题ETF | 上市=2025-04-08 | closed | 入场=2025-04-15 | 退出=2026-03-24 | 盈亏=+5135.60 | 收益=+53.10% | 原因=高点回撤

2026-09-01 23:59:59.001000 - INFO  - 589010.XSHG 华夏上证科创板人工智能ETF | 上市=2025-04-09 | closed | 入场=2025-04-16 | 退出=2026-03-24 | 盈亏=+3074.60 | 收益=+31.65% | 原因=高点回撤

2026-09-01 23:59:59.001000 - INFO  - 159227.XSHE 华夏国证航天航空行业ETF | 上市=2025-05-16 | closed | 入场=2025-05-23 | 退出=2026-03-18 | 盈亏=+3500.00 | 收益=+35.26% | 原因=高点回撤

2026-09-01 23:59:59.001000 - INFO  - 588130.XSHG 华夏上证科创板生物医药ETF | 上市=2025-05-28 | closed | 入场=2025-06-05 | 退出=2026-03-03 | 盈亏=-168.10 | 收益=-1.69% | 原因=高点回撤

2026-09-01 23:59:59.001000 - INFO  - 159230.XSHE 华夏国证通用航空产业ETF | 上市=2025-05-30 | closed | 入场=2025-06-09 | 退出=2026-03-23 | 盈亏=+1551.70 | 收益=+15.60% | 原因=高点回撤

2026-09-01 23:59:59.001000 - INFO  - 589550.XSHG 华夏上证智选科创板价值50策略ETF | 上市=2025-07-28 | holding | 入场=2025-08-04 | 退出=None | 盈亏=NA | 收益=NA | 原因=尚未完成窗口

2026-09-01 23:59:59.001000 - INFO  - 159256.XSHE 华夏创业板软件ETF | 上市=2025-08-04 | closed | 入场=2025-08-11 | 退出=2025-12-04 | 盈亏=-127.60 | 收益=-4.58% | 原因=高点回撤

2026-09-01 23:59:59.001000 - INFO  - 512370.XSHG 华夏中证A500增强策略ETF | 上市=2025-08-18 | missed | 入场=None | 退出=None | 盈亏=NA | 收益=NA | 原因=仓位名额不足

2026-09-01 23:59:59.001000 - INFO  - 159101.XSHE 华夏国证港股通科技ETF | 上市=2025-09-03 | closed | 入场=2025-09-10 | 退出=2025-11-24 | 盈亏=-1012.80 | 收益=-8.88% | 原因=固定止损

2026-09-01 23:59:59.001000 - INFO  - 510670.XSHG 华夏上证180ETF | 上市=2025-10-29 | holding | 入场=2025-11-05 | 退出=None | 盈亏=NA | 收益=NA | 原因=尚未完成窗口

2026-09-01 23:59:59.001000 - INFO  - 159100.XSHE 华夏布拉德斯科巴西伊博维斯帕ETF(QDII) | 上市=2025-11-13 | closed | 入场=2025-11-24 | 退出=2026-06-09 | 盈亏=+852.50 | 收益=+7.58% | 原因=高点回撤

2026-09-01 23:59:59.001000 - INFO  - 515370.XSHG 华夏中证光伏产业ETF | 上市=2025-11-18 | missed | 入场=None | 退出=None | 盈亏=NA | 收益=NA | 原因=仓位名额不足

2026-09-01 23:59:59.001000 - INFO  - 159118.XSHE 华夏标普港股通低波红利ETF | 上市=2025-11-27 | closed | 入场=2025-12-04 | 退出=2026-06-22 | 盈亏=-603.40 | 收益=-8.74% | 原因=固定止损

2026-09-01 23:59:59.001000 - INFO  - 159151.XSHE 华夏中证全指食品ETF | 上市=2026-01-14 | missed | 入场=None | 退出=None | 盈亏=NA | 收益=NA | 原因=仓位名额不足

2026-09-01 23:59:59.001000 - INFO  - 515970.XSHG 华夏中证工程机械主题ETF | 上市=2026-02-12 | closed | 入场=2026-03-03 | 退出=2026-03-17 | 盈亏=-855.50 | 收益=-8.76% | 原因=固定止损

2026-09-01 23:59:59.001000 - INFO  - 159189.XSHE 华夏国证石油天然气ETF | 上市=2026-03-19 | closed | 入场=2026-03-26 | 退出=2026-06-01 | 盈亏=-1067.80 | 收益=-8.57% | 原因=固定止损

2026-09-01 23:59:59.001000 - INFO  - 512460.XSHG 华夏中证电池主题ETF | 上市=2026-03-20 | closed | 入场=2026-03-27 | 退出=2026-07-09 | 盈亏=-710.00 | 收益=-5.78% | 原因=高点回撤

2026-09-01 23:59:59.001000 - INFO  - 515640.XSHG 华夏中证全指家用电器ETF | 上市=2026-04-24 | closed | 入场=2026-05-06 | 退出=2026-07-22 | 盈亏=-1018.00 | 收益=-7.91% | 原因=固定止损

2026-09-01 23:59:59.001000 - INFO  - 159030.XSHE 华夏国证粮食产业ETF | 上市=2026-05-12 | closed | 入场=2026-05-19 | 退出=2026-06-05 | 盈亏=-1098.00 | 收益=-8.60% | 原因=固定止损

2026-09-01 23:59:59.001000 - INFO  - 159021.XSHE 华夏国证大盘价值ETF | 上市=2026-05-15 | holding | 入场=2026-05-22 | 退出=None | 盈亏=NA | 收益=NA | 原因=尚未完成窗口

2026-09-01 23:59:59.001000 - INFO  - 560830.XSHG 华夏中证全指电力公用事业ETF | 上市=2026-05-26 | closed | 入场=2026-06-02 | 退出=2026-06-11 | 盈亏=-1203.40 | 收益=-9.68% | 原因=固定止损

2026-09-01 23:59:59.001000 - INFO  - 588510.XSHG 华夏中证科创创业人工智能ETF | 上市=2026-05-29 | closed | 入场=2026-06-05 | 退出=2026-07-20 | 盈亏=-1235.00 | 收益=-10.00% | 原因=固定止损

2026-09-01 23:59:59.001000 - INFO  - 159053.XSHE 华夏中证稀有金属主题ETF | 上市=2026-06-09 | closed | 入场=2026-06-16 | 退出=2026-07-09 | 盈亏=-1464.10 | 收益=-12.10% | 原因=固定止损

2026-09-01 23:59:59.001000 - INFO  - 510140.XSHG 华夏上证综合ETF | 上市=2026-07-03 | holding | 入场=2026-07-10 | 退出=None | 盈亏=NA | 收益=NA | 原因=尚未完成窗口

2026-09-01 23:59:59.001000 - INFO  - 159068.XSHE 华夏中证全指软件ETF | 上市=2026-07-08 | holding | 入场=2026-07-15 | 退出=None | 盈亏=NA | 收益=NA | 原因=尚未完成窗口

2026-09-01 23:59:59.001000 - INFO  - 159075.XSHE 华夏中证工业互联网主题ETF | 上市=2026-07-17 | holding | 入场=2026-07-24 | 退出=None | 盈亏=NA | 收益=NA | 原因=尚未完成窗口

2026-09-01 23:59:59.001000 - INFO  - 515040.XSHG 华夏中证工业有色金属主题ETF | 上市=2026-07-17 | holding | 入场=2026-07-24 | 退出=None | 盈亏=NA | 收益=NA | 原因=尚未完成窗口

2026-09-01 23:59:59.001000 - INFO  - 159082.XSHE 华夏中证细分化工产业主题ETF | 上市=2026-08-21 | holding | 入场=2026-08-28 | 退出=None | 盈亏=NA | 收益=NA | 原因=尚未完成窗口

2026-09-01 23:59:59.001000 - INFO  - 158008.XSHE 华夏国证储能电池ETF | 上市=2026-08-28 | waiting | 入场=None | 退出=None | 盈亏=NA | 收益=NA | 原因=尚未完成窗口

2026-09-01 23:59:59.001000 - INFO  - 159096.XSHE 华夏国证价值100ETF | 上市=2026-08-28 | waiting | 入场=None | 退出=None | 盈亏=NA | 收益=NA | 原因=尚未完成窗口

2026-09-01 23:59:59.001000 - INFO  - 561730.XSHG 华夏中证A股ETF | 上市=2026-08-28 | waiting | 入场=None | 退出=None | 盈亏=NA | 收益=NA | 原因=尚未完成窗口

2026-09-01 23:59:59.001000 - INFO  - 探索样本来自官网快照+历史名称，历史退出覆盖未保证；未识别不等于没有该产品。

2026-09-01 23:59:59.001000 - INFO  - =======================================================